// Jest Snapshot v1, https://goo.gl/fbAQLP

exports[`CustomMenu renders 1`] = `
<styled.div>
  <styled.div>
    Some Title
  </styled.div>
  <Styled(Component) />
  <Component>
    <ForwardRef>
      Some Item
    </ForwardRef>
    <ForwardRef>
      <Component
        collapsed={true}
      >
        Some section
      </Component>
      <ForwardRef
        level={1}
      >
        Inner item
      </ForwardRef>
      <ForwardRef
        level={1}
        padding={20}
      >
        Inner item with pad
      </ForwardRef>
    </ForwardRef>
  </Component>
</styled.div>
`;
