{
  "_id": {
    "$oid": "5bc89e2c3fd694d7702daf27"
  },
  "branding_type": null,
  "class": [
    "econom"
  ],
  "confirmation_id": "draft_id",
  "dayofweek": [
    1,
    2,
    3,
    4,
    5,
    6,
    7
  ],
  "dayridecount": [
    [
      10,
      20
    ]
  ],
  "dayridecount_days": 1,
  "display_in_taximeter": true,
  "end": {
    "$date": 1622408400000
  },
  "geoareas": [],
  "group_id": "old_rule_which_is_already_active",
  "group_member_id": "blah",
  "has_fake_counterpart": false,
  "hour": [],
  "is_bonus": false,
  "is_fake": false,
  "is_once": false,
  "log": [
    {
      "login": "ivankolosov",
      "updated": {
        "$date": 1539205200000
      }
    },
    {
      "confirmation_id": "draft_id",
      "end": {
        "$date": 1622408400000
      },
      "login": "test_login",
      "ticket": "TAXIRATE-52",
      "updated": {
        "$date": 1539723600000
      }
    }
  ],
  "paymenttype": null,
  "start": {
    "$date": 1539205200000
  },
  "sub_commission": false,
  "sum": 100.0,
  "tags": [],
  "tariffzone": [
    "moscow"
  ],
  "type": "guarantee",
  "updated": {
    "$date": 1539723600000
  }
}
