{
  "agreements": [
    {
      "branding_discounts": [],
      "cancelation_settings": {
        "park_billable_cancel_interval": [
          "420",
          "600"
        ],
        "pickup_location_radius": 300,
        "user_billable_cancel_interval": [
          "120",
          "600"
        ]
      },
      "contract_id": "some_fixed_percent_with_unlimited_end_card",
      "cost_info": {
        "kind": "boundaries",
        "max_cost": "6000",
        "min_cost": "0"
      },
      "effective_billing_type": "cancel",
      "group": "base",
      "kind": "fixed_rate",
      "rate": {
        "kind": "flat",
        "rate": "0.1"
      },
      "vat": "1.18"
    }
  ]
}
