// Jest Snapshot v1, https://goo.gl/fbAQLP

exports[`card`] = `
Object {
  "card": Object {
    "log_id": "market_card",
    "states": Array [
      Object {
        "div": Object {
          "div": Object {
            "items": Array [
              Object {
                "items": Array [
                  Object {
                    "cardBg": "#f3f3f2",
                    "id": "324995061",
                    "image": "https://avatars.mds.yandex.net/get-mpic/4355034/img_id8582910228823752428.png/orig",
                    "link": "//pokupki.market.yandex.ru/product/100542701768?clid=904&offerid=1F2Jm7epmAb3nhW1daUzLw&wprid=1971560291.926551.1621341614031.21784",
                    "oldPrice": "414 ₽",
                    "oldPriceStrike": "single",
                    "price": "339 ₽",
                    "promoCode": " ",
                    "promoCodeLineHeight": 0,
                    "reasonToBuy": "Бестселлер",
                    "reasonToBuyColor": "#ffffff",
                    "textPrimary": "#FF3333",
                    "textTertiary": "#333333",
                    "title": "OLLIN Professional Perfect Hair несмываемый крем-спрей 15 в 1",
                    "type": "marketProductCardDefault",
                  },
                  Object {
                    "cardBg": "#f3f3f2",
                    "id": "1722877457",
                    "image": "https://avatars.mds.yandex.net/get-mpic/4322107/img_id8962600163296697049.jpeg/orig",
                    "link": "//pokupki.market.yandex.ru/product/100668257728?clid=904&offerid=QVp3PfSnP5uE2T8QnngP8w&wprid=1971560291.926551.1621341614031.21784",
                    "oldPrice": "1 899 ₽",
                    "oldPriceStrike": "single",
                    "price": "905 ₽",
                    "promoCode": " ",
                    "promoCodeLineHeight": 0,
                    "reasonToBuy": "Бестселлер",
                    "reasonToBuyColor": "#ffffff",
                    "textPrimary": "#FF3333",
                    "textTertiary": "#333333",
                    "title": "Настольный вентилятор Maxwell MW-3547",
                    "type": "marketProductCardDefault",
                  },
                  Object {
                    "cardBg": "#f3f3f2",
                    "id": "10735674",
                    "image": "https://avatars.mds.yandex.net/get-mpic/3985831/img_id7113967648182669412.jpeg/orig",
                    "link": "//pokupki.market.yandex.ru/product/10735674?clid=904&offerid=8N1V0H2OqmMRyIp1_v9lyA&wprid=1971560291.926551.1621341614031.21784",
                    "oldPrice": "5 350 ₽",
                    "oldPriceStrike": "single",
                    "price": "4 100 ₽",
                    "promoCode": " ",
                    "promoCodeLineHeight": 0,
                    "reasonToBuy": "Бестселлер",
                    "reasonToBuyColor": "#ffffff",
                    "textPrimary": "#FF3333",
                    "textTertiary": "#333333",
                    "title": "Профессиональный пылесос  KARCHER WD 2, 1000 Вт",
                    "type": "marketProductCardDefault",
                  },
                  Object {
                    "cardBg": "#f3f3f2",
                    "id": "43054912",
                    "image": "https://avatars.mds.yandex.net/get-mpic/1336510/img_id2506494911474833800.jpeg/orig",
                    "link": "//pokupki.market.yandex.ru/product/100324824296?clid=904&offerid=b4aCT3LArn6B1azBepkCpg&wprid=1971560291.926551.1621341614031.21784",
                    "oldPrice": " ",
                    "oldPriceStrike": "none",
                    "price": "4 940 ₽",
                    "promoCode": " ",
                    "promoCodeLineHeight": 0,
                    "reasonToBuy": "15963 просмотра",
                    "reasonToBuyColor": "#ffffff",
                    "textPrimary": "#000000",
                    "textTertiary": "#333333",
                    "title": "Графический планшет WACOM One Medium CTL-672",
                    "type": "marketProductCardDefault",
                  },
                  Object {
                    "cardBg": "#f3f3f2",
                    "id": "39609232",
                    "image": "https://avatars.mds.yandex.net/get-mpic/1417902/img_id2582057685731405209.jpeg/orig",
                    "link": "//pokupki.market.yandex.ru/product/39609232?clid=904&offerid=ke3LHERGS-GkB1lRozHbSA&wprid=1971560291.926551.1621341614031.21784",
                    "oldPrice": " ",
                    "oldPriceStrike": "none",
                    "price": "899 ₽",
                    "promoCode": " ",
                    "promoCodeLineHeight": 0,
                    "reasonToBuy": "Бестселлер",
                    "reasonToBuyColor": "#ffffff",
                    "textPrimary": "#000000",
                    "textTertiary": "#333333",
                    "title": "Лопата совковая FISKARS Solid 1026685 127 см",
                    "type": "marketProductCardDefault",
                  },
                  Object {
                    "cardBg": "#f3f3f2",
                    "id": "667239002",
                    "image": "https://avatars.mds.yandex.net/get-mpic/4343092/img_id7508672325227371658.jpeg/orig",
                    "link": "//pokupki.market.yandex.ru/product/101103364762?clid=904&offerid=RsM-ZPCiMm0zB8CsRyrYpQ&wprid=1971560291.926551.1621341614031.21784",
                    "oldPrice": " ",
                    "oldPriceStrike": "none",
                    "price": "1 829 ₽",
                    "promoCode": " ",
                    "promoCodeLineHeight": 0,
                    "reasonToBuy": "Бестселлер",
                    "reasonToBuyColor": "#ffffff",
                    "textPrimary": "#000000",
                    "textTertiary": "#333333",
                    "title": "Мышь Logitech G G102 Lightsync",
                    "type": "marketProductCardDefault",
                  },
                  Object {
                    "cardBg": "#f3f3f2",
                    "id": "1711388702",
                    "image": "https://avatars.mds.yandex.net/get-mpic/1866068/img_id1026533457545220011.jpeg/orig",
                    "link": "//pokupki.market.yandex.ru/product/100481369071?clid=904&offerid=_gRnkXaNQjL5rnzzAX5CwA&wprid=1971560291.926551.1621341614031.21784",
                    "oldPrice": "1 788 ₽",
                    "oldPriceStrike": "single",
                    "price": "1 490 ₽",
                    "promoCode": " ",
                    "promoCodeLineHeight": 0,
                    "reasonToBuy": "Бестселлер",
                    "reasonToBuyColor": "#ffffff",
                    "textPrimary": "#FF3333",
                    "textTertiary": "#333333",
                    "title": "Бустер группа 2/3 (15-36 кг) Happy Baby Booster Rider",
                    "type": "marketProductCardDefault",
                  },
                  Object {
                    "cardBg": "#f3f3f2",
                    "id": "674205490",
                    "image": "https://avatars.mds.yandex.net/get-mpic/4449143/img_id3497670836179435900.png/orig",
                    "link": "//pokupki.market.yandex.ru/product/100966804596?clid=904&offerid=c_dWefkNFYOKeaOznJGGFQ&wprid=1971560291.926551.1621341614031.21784",
                    "oldPrice": "13 939 ₽",
                    "oldPriceStrike": "single",
                    "price": "12 619 ₽",
                    "promoCode": " ",
                    "promoCodeLineHeight": 0,
                    "reasonToBuy": "Бестселлер",
                    "reasonToBuyColor": "#ffffff",
                    "textPrimary": "#FF3333",
                    "textTertiary": "#333333",
                    "title": "Планшет Lenovo Tab M10 TB-X306F 32Gb (2020)",
                    "type": "marketProductCardDefault",
                  },
                  Object {
                    "cardBg": "#f3f3f2",
                    "id": "667197697",
                    "image": "https://avatars.mds.yandex.net/get-mpic/1927699/img_id7326340569496997640.jpeg/orig",
                    "link": "//pokupki.market.yandex.ru/product/667197697?clid=904&offerid=wba6OTGu-YBU6yrAT01-rQ&wprid=1971560291.926551.1621341614031.21784",
                    "oldPrice": "3 899 ₽",
                    "oldPriceStrike": "single",
                    "price": "2 478 ₽",
                    "promoCode": " ",
                    "promoCodeLineHeight": 0,
                    "reasonToBuy": "Бестселлер",
                    "reasonToBuyColor": "#ffffff",
                    "textPrimary": "#FF3333",
                    "textTertiary": "#333333",
                    "title": "Игровой набор Enchantimals Hoppin Ski Chalet Лыжный домик, GJX50",
                    "type": "marketProductCardDefault",
                  },
                  Object {
                    "cardBg": "#f3f3f2",
                    "id": "648661867",
                    "image": "https://avatars.mds.yandex.net/get-mpic/4489193/img_id4052745292826732304.png/orig",
                    "link": "//pokupki.market.yandex.ru/product/100845012733?clid=904&offerid=SDjJvQxRr1-U3ncakJBGJQ&wprid=1971560291.926551.1621341614031.21784",
                    "oldPrice": "1 067 ₽",
                    "oldPriceStrike": "single",
                    "price": "378 ₽",
                    "promoCode": " ",
                    "promoCodeLineHeight": 0,
                    "reasonToBuy": "Бестселлер",
                    "reasonToBuyColor": "#ffffff",
                    "textPrimary": "#FF3333",
                    "textTertiary": "#333333",
                    "title": "Коврик BRADEX SF 0397-0401, 173х61х0.3 см",
                    "type": "marketProductCardDefault",
                  },
                  Object {
                    "cardBg": "#f3f3f2",
                    "id": "460233031",
                    "image": "https://avatars.mds.yandex.net/get-mpic/4408567/img_id3851364577612334373.jpeg/orig",
                    "link": "//pokupki.market.yandex.ru/product/100661722902?clid=904&offerid=_tSGmc2Y1wuVf30IO9srSw&wprid=1971560291.926551.1621341614031.21784",
                    "oldPrice": "279 ₽",
                    "oldPriceStrike": "single",
                    "price": "169 ₽",
                    "promoCode": " ",
                    "promoCodeLineHeight": 0,
                    "reasonToBuy": "Бестселлер",
                    "reasonToBuyColor": "#ffffff",
                    "textPrimary": "#FF3333",
                    "textTertiary": "#333333",
                    "title": "С.Пудовъ Гель-краситель пищевой",
                    "type": "marketProductCardDefault",
                  },
                  Object {
                    "cardBg": "#f3f3f2",
                    "id": "427005034",
                    "image": "https://avatars.mds.yandex.net/get-mpic/4489193/img_id8057956554634917680.jpeg/orig",
                    "link": "//pokupki.market.yandex.ru/product/427005034?clid=904&offerid=Ndit5hxOfao9midHQUefwA&wprid=1971560291.926551.1621341614031.21784",
                    "oldPrice": "138 ₽",
                    "oldPriceStrike": "single",
                    "price": "79 ₽",
                    "promoCode": " ",
                    "promoCodeLineHeight": 0,
                    "reasonToBuy": "Бестселлер",
                    "reasonToBuyColor": "#ffffff",
                    "textPrimary": "#FF3333",
                    "textTertiary": "#333333",
                    "title": "Luminarc Бульонница Directoire Eclipse 560 мл H8504",
                    "type": "marketProductCardDefault",
                  },
                  Object {
                    "cardBg": "#f3f3f2",
                    "id": "55277918",
                    "image": "https://avatars.mds.yandex.net/get-mpic/4119784/img_id5688095184684292949.jpeg/orig",
                    "link": "//pokupki.market.yandex.ru/product/100335218043?clid=904&offerid=tj9J6JI5smYoWue_bzYoHQ&wprid=1971560291.926551.1621341614031.21784",
                    "oldPrice": " ",
                    "oldPriceStrike": "none",
                    "price": "590 ₽",
                    "promoCode": " ",
                    "promoCodeLineHeight": 0,
                    "reasonToBuy": "Бестселлер",
                    "reasonToBuyColor": "#ffffff",
                    "textPrimary": "#000000",
                    "textTertiary": "#333333",
                    "title": "Кабель Samsung USB Type-C - USB (EP-DG930IBRGRU) 1.5 м",
                    "type": "marketProductCardDefault",
                  },
                  Object {
                    "cardBg": "#f3f3f2",
                    "id": "870102065",
                    "image": "https://avatars.mds.yandex.net/get-mpic/1862611/img_id5396203043470043183.jpeg/orig",
                    "link": "//pokupki.market.yandex.ru/product/101224524309?clid=904&offerid=hek4a8GwU6qKF5taL8IWGg&wprid=1971560291.926551.1621341614031.21784",
                    "oldPrice": "594 ₽",
                    "oldPriceStrike": "single",
                    "price": "356 ₽",
                    "promoCode": " ",
                    "promoCodeLineHeight": 0,
                    "reasonToBuy": "11807 просмотров",
                    "reasonToBuyColor": "#ffffff",
                    "textPrimary": "#FF3333",
                    "textTertiary": "#333333",
                    "title": "Сенсорная игрушка-антистресс Pop it с пузырьками, радужные бесконечные пузырьки круг",
                    "type": "marketProductCardDefault",
                  },
                  Object {
                    "cardBg": "#f3f3f2",
                    "id": "891753899",
                    "image": "https://avatars.mds.yandex.net/get-mpic/3725687/img_id6110368745565471671.jpeg/orig",
                    "link": "//pokupki.market.yandex.ru/product/101251755827?clid=904&offerid=FepMI8SS7nV1KPICQnmXSw&wprid=1971560291.926551.1621341614031.21784",
                    "oldPrice": " ",
                    "oldPriceStrike": "none",
                    "price": "390 ₽",
                    "promoCode": " ",
                    "promoCodeLineHeight": 0,
                    "reasonToBuy": "2401 просмотр",
                    "reasonToBuyColor": "#ffffff",
                    "textPrimary": "#000000",
                    "textTertiary": "#333333",
                    "title": "Антистресс пупырка /Тактильная сенсорная игрушка Антистресс POP IT / Вечная пупырка",
                    "type": "marketProductCardDefault",
                  },
                ],
                "type": "webGallery",
              },
              Object {
                "buttonBgHover": "#f3f3f2",
                "footerText": "Все предложения",
                "footerUrl": "https://market.yandex.ru/?clid=908",
                "textColor": "#000",
                "type": "webFooter",
              },
            ],
            "type": "container",
          },
          "title": "Маркет",
          "title_icon": "https://yastatic.net/market-export/_/i/favicon/ymnew/96.png",
          "title_link": "https://market.yandex.ru/?clid=908",
          "type": "marketCardWithTitleIcon",
        },
        "state_id": 1,
      },
    ],
  },
  "templates": Object {
    "cardWithFooter": Object {
      "cardBorderRadius": 16,
      "footerHeight": 42,
      "textTopPadding": 14,
      "type": "cardWithFooterCommon",
    },
    "cardWithFooterCommon": Object {
      "action": Object {
        "$log_id": "logId",
        "$url": "cardUrl",
        "hover": Object {
          "$color": "cardBgHover",
          "type": "background-color",
        },
      },
      "background": Array [
        Object {
          "$color": "cardBg",
          "type": "solid",
        },
      ],
      "border": Object {
        "$corner_radius": "cardBorderRadius",
      },
      "height": Object {
        "type": "match_parent",
      },
      "items": Array [
        Object {
          "items": Array [
            Object {
              "$items": "cardContent",
              "paddings": Object {
                "$bottom": "footerHeight",
                "$top": "textTopPadding",
                "left": 16,
                "right": 16,
              },
              "type": "container",
            },
          ],
          "type": "container",
        },
        Object {
          "$items": "cardFooter",
          "alignment_vertical": "bottom",
          "orientation": "horizontal",
          "paddings": Object {
            "left": 16,
            "right": 16,
          },
          "type": "container",
        },
      ],
      "orientation": "overlap",
      "type": "container",
      "width": Object {
        "type": "fixed",
        "value": 240,
      },
    },
    "cardWithFooterImageAndOverlay": Object {
      "cardBorderRadius": 16,
      "footerHeight": 42,
      "imageHeight": 135,
      "textTopPadding": 14,
      "type": "cardWithFooterImageAndOverlayCommon",
    },
    "cardWithFooterImageAndOverlayCommon": Object {
      "action": Object {
        "$log_id": "logId",
        "$url": "cardUrl",
        "hover": Object {
          "$color": "cardBgHover",
          "type": "background-color",
        },
      },
      "background": Array [
        Object {
          "$color": "cardBg",
          "type": "solid",
        },
      ],
      "border": Object {
        "$corner_radius": "cardBorderRadius",
      },
      "height": Object {
        "type": "match_parent",
      },
      "items": Array [
        Object {
          "items": Array [
            Object {
              "height": Object {
                "$value": "imageHeight",
                "type": "fixed",
              },
              "items": Array [
                Object {
                  "$image_url": "imageUrl",
                  "height": Object {
                    "$value": "imageHeight",
                    "type": "fixed",
                  },
                  "type": "image",
                },
                Object {
                  "$items": "cardOverlay",
                  "background": Array [
                    Object {
                      "$color": "overlay",
                      "type": "solid",
                    },
                  ],
                  "height": Object {
                    "type": "match_parent",
                  },
                  "type": "container",
                  "width": Object {
                    "type": "match_parent",
                  },
                },
              ],
              "orientation": "overlap",
              "type": "container",
            },
            Object {
              "$items": "cardContent",
              "paddings": Object {
                "$bottom": "footerHeight",
                "$top": "textTopPadding",
                "left": 16,
                "right": 16,
              },
              "type": "container",
            },
          ],
          "type": "container",
        },
        Object {
          "$items": "cardFooter",
          "alignment_vertical": "bottom",
          "orientation": "horizontal",
          "paddings": Object {
            "left": 16,
            "right": 16,
          },
          "type": "container",
        },
      ],
      "orientation": "overlap",
      "type": "container",
      "width": Object {
        "type": "fixed",
        "value": 240,
      },
    },
    "cardWithImageAndFooter": Object {
      "cardBorderRadius": 16,
      "footerHeight": 42,
      "imageHeight": 135,
      "textTopPadding": 14,
      "type": "cardWithImageAndFooterCommon",
    },
    "cardWithImageAndFooterCommon": Object {
      "action": Object {
        "$log_id": "logId",
        "$url": "cardUrl",
        "hover": Object {
          "$color": "cardBgHover",
          "type": "background-color",
        },
      },
      "background": Array [
        Object {
          "$color": "cardBg",
          "type": "solid",
        },
      ],
      "border": Object {
        "$corner_radius": "cardBorderRadius",
      },
      "height": Object {
        "type": "match_parent",
      },
      "items": Array [
        Object {
          "items": Array [
            Object {
              "items": Array [
                Object {
                  "$image_url": "imageUrl",
                  "height": Object {
                    "$value": "imageHeight",
                    "type": "fixed",
                  },
                  "type": "image",
                },
                Object {
                  "background": Array [
                    Object {
                      "$color": "overlay",
                      "type": "solid",
                    },
                  ],
                  "delimiter_style": Object {
                    "color": "#0000",
                    "orientation": "horizontal",
                  },
                  "height": Object {
                    "$value": "imageHeight",
                    "type": "fixed",
                  },
                  "type": "separator",
                  "width": Object {
                    "type": "match_parent",
                  },
                },
              ],
              "orientation": "overlap",
              "type": "container",
            },
            Object {
              "$items": "cardContent",
              "paddings": Object {
                "$bottom": "footerHeight",
                "$top": "textTopPadding",
                "left": 16,
                "right": 16,
              },
              "type": "container",
            },
          ],
          "type": "container",
        },
        Object {
          "$items": "cardFooter",
          "alignment_vertical": "bottom",
          "orientation": "horizontal",
          "paddings": Object {
            "left": 16,
            "right": 16,
          },
          "type": "container",
        },
      ],
      "orientation": "overlap",
      "type": "container",
      "width": Object {
        "type": "fixed",
        "value": 240,
      },
    },
    "category": Object {
      "action": Object {
        "$log_id": "id",
        "$url": "category_url",
      },
      "background": Array [
        Object {
          "$color": "background_color",
          "type": "solid",
        },
      ],
      "border": Object {
        "corner_radius": 16,
      },
      "height": Object {
        "type": "fixed",
        "value": 274,
      },
      "items": Array [
        Object {
          "$text": "title",
          "font_size": 16,
          "font_weight": "regular",
          "line_height": 20,
          "margins": Object {
            "bottom": 9,
          },
          "max_lines": 1,
          "text_color": "#000",
          "type": "text",
        },
        Object {
          "$items": "category_images_top",
          "content_alignment_horizontal": "center",
          "content_alignment_vertical": "center",
          "margins": Object {
            "bottom": 16,
          },
          "orientation": "horizontal",
          "type": "container",
        },
        Object {
          "$items": "category_images_bottom",
          "content_alignment_horizontal": "center",
          "content_alignment_vertical": "center",
          "orientation": "horizontal",
          "type": "container",
        },
      ],
      "paddings": Object {
        "left": 16,
        "right": 16,
        "top": 12,
      },
      "type": "container",
      "visibility_action": Object {
        "$log_id": "id",
      },
      "width": Object {
        "type": "fixed",
        "value": 240,
      },
    },
    "categoryImageWithOverlay": Object {
      "background": Array [
        Object {
          "color": "#fff",
          "type": "solid",
        },
        Object {
          "$image_url": "category_image_url",
          "content_alignment_horizontal": "center",
          "content_alignment_vertical": "center",
          "scale": "fit",
          "type": "image",
        },
        Object {
          "$color": "overlay_color",
          "type": "solid",
        },
      ],
      "height": Object {
        "type": "fixed",
        "value": 90,
      },
      "items": Array [
        Object {
          "text": " ",
          "type": "text",
        },
      ],
      "margins": Object {
        "left": 10,
        "right": 10,
      },
      "type": "container",
      "width": Object {
        "type": "fixed",
        "value": 90,
      },
    },
    "marketCardWithTitleIcon": Object {
      "title_icon": Object {
        "$image_url": "title_icon",
        "type": "image",
      },
      "type": "home:block",
    },
    "marketProductCardDark": Object {
      "cardBgHover": "#4F4E4A",
      "imageBgColor": "#fff",
      "imageOverlayColor": "#00FFFFFF",
      "type": "marketProductCardRedesignDark",
    },
    "marketProductCardDefault": Object {
      "imageBgColor": "#fff",
      "imageContainerMargin": 10,
      "imageContainerMarginBottom": 10,
      "imageOverlayColor": "#0F383826",
      "type": "marketProductCardRedesignTwo",
    },
    "marketProductCardRedesignDark": Object {
      "action": Object {
        "$log_id": "id",
        "$url": "link",
        "hover": Object {
          "$color": "cardBgHover",
          "type": "background-color",
        },
      },
      "background": Array [
        Object {
          "$color": "cardBg",
          "type": "solid",
        },
      ],
      "border": Object {
        "corner_radius": 16,
      },
      "height": Object {
        "type": "fixed",
        "value": 274,
      },
      "items": Array [
        Object {
          "items": Array [
            Object {
              "background": Array [
                Object {
                  "$color": "imageBgColor",
                  "type": "solid",
                },
              ],
              "content_alignment_horizontal": "center",
              "content_alignment_vertical": "center",
              "height": Object {
                "type": "fixed",
                "value": 176,
              },
              "items": Array [
                Object {
                  "$image_url": "image",
                  "height": Object {
                    "type": "fixed",
                    "value": 134,
                  },
                  "scale": "fit",
                  "type": "image",
                  "width": Object {
                    "type": "fixed",
                    "value": 134,
                  },
                },
              ],
              "type": "container",
              "width": Object {
                "type": "match_parent",
              },
            },
            Object {
              "$text": "reasonToBuy",
              "background": Array [
                Object {
                  "$color": "reasonToBuyColor",
                  "type": "solid",
                },
              ],
              "border": Object {
                "corner_radius": 8,
              },
              "font_size": 12,
              "font_weight": "regular",
              "height": Object {
                "type": "fixed",
                "value": 23,
              },
              "line_height": 13,
              "margins": Object {
                "left": 10,
                "top": 10,
              },
              "max_lines": 1,
              "paddings": Object {
                "left": 7,
                "right": 7,
                "top": 5,
              },
              "text_color": "#000000",
              "type": "text",
              "width": Object {
                "type": "wrap_content",
              },
            },
          ],
          "orientation": "overlap",
          "type": "container",
        },
        Object {
          "items": Array [
            Object {
              "items": Array [
                Object {
                  "$text": "price",
                  "$text_color": "textPrimary",
                  "font_size": 16,
                  "font_weight": "bold",
                  "line_height": 20,
                  "max_lines": 1,
                  "type": "text",
                },
                Object {
                  "$strike": "oldPriceStrike",
                  "$text": "oldPrice",
                  "font_size": 13,
                  "line_height": 16,
                  "margins": Object {
                    "left": 6,
                    "top": 3,
                  },
                  "max_lines": 1,
                  "text_color": "#808080",
                  "type": "text",
                },
              ],
              "margins": Object {
                "bottom": 2,
              },
              "orientation": "horizontal",
              "type": "container",
              "width": Object {
                "type": "wrap_content",
              },
            },
            Object {
              "$line_height": "promoCodeLineHeight",
              "$text": "promoCode",
              "font_size": 11,
              "margins": Object {
                "bottom": 3,
              },
              "max_lines": 1,
              "text_color": "#FF3333",
              "type": "text",
            },
            Object {
              "$text": "title",
              "$text_color": "textTertiary",
              "font_size": 13,
              "line_height": 16,
              "max_lines": 2,
              "type": "text",
            },
          ],
          "margins": Object {
            "bottom": 14,
            "left": 16,
            "right": 16,
            "top": 14,
          },
          "orientation": "vertical",
          "type": "container",
          "width": Object {
            "type": "match_parent",
          },
        },
      ],
      "type": "container",
      "visibility_action": Object {
        "$log_id": "id",
      },
      "width": Object {
        "type": "fixed",
        "value": 240,
      },
    },
    "marketProductCardRedesignTwo": Object {
      "action": Object {
        "$log_id": "id",
        "$url": "link",
      },
      "background": Array [
        Object {
          "$color": "cardBg",
          "type": "solid",
        },
      ],
      "border": Object {
        "corner_radius": 16,
      },
      "height": Object {
        "type": "fixed",
        "value": 274,
      },
      "items": Array [
        Object {
          "items": Array [
            Object {
              "background": Array [
                Object {
                  "color": "#fff",
                  "type": "solid",
                },
                Object {
                  "$image_url": "image",
                  "scale": "fit",
                  "type": "image",
                },
                Object {
                  "$color": "imageOverlayColor",
                  "type": "solid",
                },
              ],
              "border": Object {
                "corner_radius": 10,
              },
              "height": Object {
                "type": "fixed",
                "value": 153,
              },
              "items": Array [
                Object {
                  "background": Array [
                    Object {
                      "$color": "imageBgColor",
                      "type": "solid",
                    },
                    Object {
                      "$image_url": "image",
                      "scale": "fit",
                      "type": "image",
                    },
                    Object {
                      "$color": "imageOverlayColor",
                      "type": "solid",
                    },
                  ],
                  "height": Object {
                    "type": "fixed",
                    "value": 153,
                  },
                  "items": Array [
                    Object {
                      "text": " ",
                      "type": "text",
                    },
                  ],
                  "type": "container",
                  "width": Object {
                    "type": "fixed",
                    "value": 240,
                  },
                },
              ],
              "margins": Object {
                "$bottom": "imageContainerMarginBottom",
                "$left": "imageContainerMargin",
                "$right": "imageContainerMargin",
                "$top": "imageContainerMargin",
              },
              "type": "container",
              "width": Object {
                "type": "fixed",
                "value": 240,
              },
            },
            Object {
              "$text": "reasonToBuy",
              "background": Array [
                Object {
                  "$color": "reasonToBuyColor",
                  "type": "solid",
                },
              ],
              "border": Object {
                "corner_radius": 8,
              },
              "font_size": 12,
              "font_weight": "regular",
              "height": Object {
                "type": "fixed",
                "value": 23,
              },
              "line_height": 13,
              "margins": Object {
                "left": 10,
                "top": 10,
              },
              "max_lines": 1,
              "paddings": Object {
                "left": 7,
                "right": 7,
                "top": 5,
              },
              "text_color": "#000000",
              "type": "text",
              "width": Object {
                "type": "wrap_content",
              },
            },
          ],
          "orientation": "overlap",
          "type": "container",
        },
        Object {
          "items": Array [
            Object {
              "items": Array [
                Object {
                  "$text": "price",
                  "$text_color": "textPrimary",
                  "font_size": 16,
                  "font_weight": "bold",
                  "line_height": 20,
                  "max_lines": 1,
                  "type": "text",
                },
                Object {
                  "$strike": "oldPriceStrike",
                  "$text": "oldPrice",
                  "font_size": 13,
                  "line_height": 16,
                  "margins": Object {
                    "left": 6,
                    "top": 3,
                  },
                  "max_lines": 1,
                  "text_color": "#808080",
                  "type": "text",
                },
              ],
              "margins": Object {
                "bottom": 2,
              },
              "orientation": "horizontal",
              "type": "container",
              "width": Object {
                "type": "wrap_content",
              },
            },
            Object {
              "$line_height": "promoCodeLineHeight",
              "$text": "promoCode",
              "font_size": 11,
              "margins": Object {
                "bottom": 3,
              },
              "max_lines": 1,
              "text_color": "#FF0000",
              "type": "text",
            },
            Object {
              "$text": "title",
              "$text_color": "textTertiary",
              "font_size": 13,
              "line_height": 16,
              "max_lines": 2,
              "type": "text",
            },
          ],
          "margins": Object {
            "bottom": 14,
            "left": 16,
            "right": 16,
            "top": 14,
          },
          "orientation": "vertical",
          "type": "container",
          "width": Object {
            "type": "match_parent",
          },
        },
      ],
      "type": "container",
      "visibility_action": Object {
        "$log_id": "id",
      },
      "width": Object {
        "type": "fixed",
        "value": 240,
      },
    },
    "webBaseTextM": Object {
      "$text_color": "textPrimary",
      "font_size": 16,
      "line_height": 20,
      "type": "text",
    },
    "webBaseTextS": Object {
      "$text_color": "textSecondary",
      "font_size": 13,
      "font_weight": "light",
      "line_height": 16,
      "type": "text",
    },
    "webFooter": Object {
      "footerHeight": 46,
      "paddings": Object {
        "bottom": 2,
        "left": 8,
      },
      "type": "webFooterCommon",
    },
    "webFooterCommon": Object {
      "content_alignment_vertical": "center",
      "height": Object {
        "$value": "footerHeight",
        "type": "fixed",
      },
      "items": Array [
        Object {
          "$text": "footerText",
          "$text_color": "textColor",
          "action": Object {
            "$url": "footerUrl",
            "hover": Object {
              "$color": "buttonBgHover",
              "type": "background-color",
            },
            "log_id": "footer",
          },
          "border": Object {
            "corner_radius": 16,
          },
          "font_size": 14,
          "font_weight": "medium",
          "line_height": 18,
          "margins": Object {
            "top": -1,
          },
          "paddings": Object {
            "bottom": 7,
            "left": 12,
            "right": 11,
            "top": 7,
          },
          "type": "text",
          "width": Object {
            "type": "wrap_content",
          },
        },
      ],
      "paddings": Object {
        "left": 8,
      },
      "type": "container",
    },
    "webGallery": Object {
      "item_spacing": 4,
      "precise_logging": 1,
      "type": "gallery",
    },
    "webTabs": Object {
      "$items": "tabs",
      "switch_tabs_by_content_swipe_enabled": 0,
      "tabs_position": "top",
      "title_paddings": Object {
        "bottom": 8,
        "left": 14,
        "right": 14,
      },
      "type": "tabs",
    },
    "webText3": Object {
      "font_weight": "bold",
      "max_lines": 3,
      "type": "webBaseTextM",
    },
    "webTextSLight": Object {
      "$text_color": "textTertiary",
      "type": "webBaseTextS",
    },
    "webTitle": Object {
      "font_weight": "bold",
      "margins": Object {
        "bottom": 3,
      },
      "type": "webBaseTextM",
    },
  },
}
`;
