exports[`Балковые действия для фронт-категорий Добавить нескольким товарам фронт-категорию 1`] = [
  {
    "id": 10000001,
    "front_category": "front_category_code_5_0; front_category_code_5_1; front_category_code_5_2; front_category_code_6_1"
  },
  {
    "id": 10000002,
    "front_category": "front_category_code_5_3; front_category_code_5_4; front_category_code_6_0; front_category_code_6_1"
  }
];
exports[`Балковые действия для фронт-категорий Убрать у одного товара фронт-категорию 1`] = [
  {
    "id": 10000001,
    "front_category": "front_category_code_5_0; front_category_code_5_2"
  }
];
