// Jest Snapshot v1, https://goo.gl/fbAQLP

exports[`document should render 1`] = `
"<html  class=\\"i-ua_browser_desktop\\"><meta  http-equiv=\\"X-UA-Compatible\\" content=\\"IE=edge\\" ><title></title><meta  http-equiv=\\"Content-Type\\" content=\\"text/html;charset=UTF-8\\" ><link  rel=\\"stylesheet\\" ><body role='document'><h1></h1><a href='/'>Page one</a> <a href='/two'>Page two</a> <a href='/stream'>Stream</a><div class='body_test'><h2>HOME-5163 Уровни + переопределения</h2><div class='body__test-content'><ul class='levels'><li><span class='levels__common'>common</span></li></ul></div></div><div class='body_test'><h2>HOME-51623 Страничные бандлы статики</h2><div class='body__test-content'><style>
                .page-bundle__item:before {
                    content: 'Не ';
                }
                .page-bundle__js-loaded:before {
                    content: '\\\\2713';
                    color: green;
                }
            </style><ul class='page-bundle'><li class='page-bundle__item page-bundle__css'>подключен бандл стилей</li><li  class=\\"page-bundle__item _572a1z8GgXjUJ4INWG6J1\\">Локальные стили из бандла</li><li class='page-bundle__item page-bundle__js'>подключен бандл скриптов</li></ul></div></div><div class='body_test'><h2>Инлайн ресурсов</h2><div class='body__test-content'><div class='inline-resources'><style>
                .inline-resources__mark:before {
                    content: '\\\\274C';
                    text-align: center;
                    color: red;
                    display: inline-block;
                    vertical-align: middle;
                    width: 20px;
                    height: 20px;
                }
                .inline-resources__url-svg:before {
                    content: '';
                    background: url(blocks/common/inline-resources/test.6b005614.svg) 50% 50%/contain;
                }
                .inline-resources__url-png:before {
                    content: '';
                    background: url(blocks/common/inline-resources/test.545b1021.png) 50% 50%/contain;
                }
            .inline-resources__styled:before,._2HuFdfG1f9vsxdszU-AK6X:before{content:'';background:url(blocks/common/inline-resources/test.6b005614.svg) 50% 50%/contain}</style><div class='inline-resources__mark inline-resources__url-png'>Ссылка на png</div><div class='inline-resources__mark inline-resources__url-svg'>Ссылка на svg</div><div class='inline-resources__mark inline-resources__inline-png'>Инлайн png</div><div class='inline-resources__mark inline-resources__inline-svg'>Инлайн svg</div><div class='inline-resources__mark inline-resources__styled'>Инлайн стилей</div><div  class=\\"inline-resources__mark _2HuFdfG1f9vsxdszU-AK6X\\">Инлайн стилей с локальными классами</div><div class='inline-resources__mark inline-resources__unstyled'>Инлайн скриптов</div><script>const elem=document.querySelector(\\".inline-resources__unstyled\\");elem.classList.add(\\"inline-resources__styled\\");</script></div></div></div><div class='body_test'><h2>HOME-51629 Поддержка скинов</h2><div class='body__test-content'><div class='skins'>Здесь должно быть переопределение + стилизация шаблона <div class='skins__test'>Этого блока</div></div></div></div><div class='body_test'><h2>HOME-51624 Переводы</h2><div class='body__test-content'>Здесь должен быть перевод из танкера <span class='locale__test'></span></div></div><div class='body_test'><h2>Клиентсайд шаблоны</h2><div class='body__test-content'><div class='clientside'>Этот текст должен замениться на клиентсайде</div><div class='clientside-locale'>Этот текст должен замениться на клиентсайде переводом</div></div></div><div class='body_test'><h2>HOME-51625 Клиентсайд бандлы блоков</h2><div class='body__test-content'><div class='block-bundle'><style>
                .block-bundle__smile {
                /* смайлик не появится, пока не будет загружен бандл стилей */
                    display: none;
                }
            </style>В этом блоке должен появиться хостнейм и смайлик</div></div></div></body></html><script ></script>"
`;

exports[`head head__metadata should render 1`] = `"<meta  http-equiv=\\"X-UA-Compatible\\" content=\\"IE=edge\\" ><title></title><meta  http-equiv=\\"Content-Type\\" content=\\"text/html;charset=UTF-8\\" >"`;
