
<html>
<head>
<style>
    body {
        font-family: Helvetica, Arial, sans-serif;
        font-size: 16px;
        color: #34495e;
    }
    .table {
        width: 90%;
        margin: 0 auto;
    }
    .table-header {
        font-size: 1.1em;
        padding: 10px;
        height: 20px;
        width: 100%;
        position: sticky;
        top: 0;
        background-color: #FEEC8D;
    }
    .group {
        margin-top: 10px;
    }
    .group-header {
        padding: 5px;
        font-weight: bold;
    }
    .group-line {
        margin-top: 1px;
        padding: 10px;
        overflow: auto;
        width: 100%;
    }
    .group-line:hover {
        background-color: #E3E3E3;
    }
    .diff {
        background-color: #FFECEC;
    }
    .ok {
        background-color: #dff0d8;
    }
    .column {
        width: 18%;
        float: left;
        min-height: 1px;
        white-space: break-spaces;
    }
</style>
</head>
<body>
    <div class="table">
        <div class="line table-header">
            <div class="column"> </div>
            <div class="column">Pre</div>
            <div class="column">Test</div>
            <div class="column">Diff absolute</div>
            <div class="column">Diff in %</div>
        </div>
        <div class="group">
        <div class="group-header">event</div>
        <div class="group-line diff">
            <div class="column"><b>bold_field</b></div>
            <div class="column">2</div>
            <div class="column">2</div>
            <div class="column">8</div>
            <div class="column">16</div>
        </div>
        <div class="group-line diff">
            <div class="column">field</div>
            <div class="column">1</div>
            <div class="column">2</div>
            <div class="column">3</div>
            <div class="column">4</div>
        </div>
    </div>
    </div>
</body>
</html>