// Jest Snapshot v1, https://goo.gl/fbAQLP

exports[`MetricsAuxSettingsMenu screenshot default 1`] = `
":root {
    --clr-bg-gray-1: #ffffff;
    --clr-bg-gray-2: #f6f8fb;
    --clr-bg-gray-3: #eff2f7;
    --clr-bg-gray-500: #a3acbf;

    --clr-el-gray-000: #ffffff;
    --clr-el-gray-010: #cad6ee1a;
    --clr-el-gray-015: #b0bdd626;
    --clr-el-gray-020: #b0bdd633;
    --clr-el-gray-030: #a5b1ca4d;
    --clr-el-gray-040: #8694b066;
    --clr-el-gray-050: #475a8080;
    --clr-el-gray-060: #1a2b4d99;
    --clr-el-gray-070: #000c24b2;
    --clr-el-gray-080: #2f3747;
    --clr-el-gray-090: #121725f2;

    --clr-el-yellow-010: #ffdd574d;
    --clr-el-yellow-020: #ffdd578c;
    --clr-el-yellow-100: #ffdd57;
    --clr-el-yellow-200: #ffd21f;
    --clr-el-yellow-300: #f7c408;

    --clr-el-red-010: #dd00001a;
    --clr-el-red-020: #dd000033;
    --clr-el-red-040: #dd000066;
    --clr-el-red-060: #dd000099;
    --clr-el-red-100: #dd0000;

    --clr-el-green-010: #33b34326;
    --clr-el-green-020: #33b34340;
    --clr-el-green-060: #33b343b2;
    --clr-el-green-100: #33b343;

    --clr-el-blue-010: #498bff33;
    --clr-el-blue-060: #498bffb2;
    --clr-el-blue-100: #498bff;

    --clr-str-black-050: #475a807f;
    --clr-str-black-800: #2f3747;
    --clr-str-black-900: #252a38;

    --clr-str-white-060: #afc2e699;
    --clr-str-white-080: #d1e1ffcc;
    --clr-str-white-100: #fff;

    --clr-str-pure-white-050: #ffffff7f;
    --clr-str-pure-white-060: #ffffffb3;

    --clr-bg-app: var(--clr-bg-gray-3);

    --clr-dash-green-01: #65b812;
    --clr-dash-green-02: #9dd926;
    --clr-dash-green-03: #9dd92666;
    --clr-dash-green-04: #65b81233;

    --clr-dash-yellow-01: #ffcc00;
    --clr-dash-yellow-02: #ffe666;
    --clr-dash-yellow-03: #ffe66666;
    --clr-dash-yellow-04: #ffcc0033;

    --clr-dash-orange-01: #ff9a33;
    --clr-dash-orange-02: #ffb851;
    --clr-dash-orange-03: #ffb85166;
    --clr-dash-orange-04: #ff9a3333;

    --clr-dash-red-01: #e53c1a;
    --clr-dash-red-02: #ff6647;
    --clr-dash-red-03: #ff664766;
    --clr-dash-red-04: #e53c1a33;

    --clr-dash-violet-01: #7a45e6;
    --clr-dash-violet-02: #aa80ff;
    --clr-dash-violet-03: #7a45e533;
    --clr-dash-violet-04: #6e30e833;

    --clr-dash-blue-01: #3388ff;
    --clr-dash-blue-02: #66b3ff;
    --clr-dash-blue-03: #66b3ff66;
    --clr-dash-blue-04: #3388ff33;

    --clr-dash-grey-01: #c2c9d6;
    --clr-dash-grey-02: #e0e6ef;
    --clr-dash-grey-03: #e0e6ef66;
    --clr-dash-grey-04: #c2c9d633;

    --clr-dash-cornflow-01: #6673ff;
    --clr-dash-cornflow-02: #99a2ff;
    --clr-dash-cornflow-03: #99a2ff66;
    --clr-dash-cornflow-04: #6673ff33;

    --clr-dash-magenta-01: #ff3399;
    --clr-dash-magenta-02: #ff66b2;
    --clr-dash-magenta-03: #ff66b266;
    --clr-dash-magenta-04: #ff007f33;

    --clr-dash-dustmagenta-01: #cc297a;
    --clr-dash-dustmagenta-02: #d9418d;
    --clr-dash-dustmagenta-03: #d9418d66;
    --clr-dash-dustmagenta-04: #cc297a33;

    --clr-dash-dustpink-01: #e5515e;
    --clr-dash-dustpink-02: #e56772;
    --clr-dash-dustpink-03: #e7526366;
    --clr-dash-dustpink-04: #e5515e33;

    --clr-dash-dustblue-01: #4643bf;
    --clr-dash-dustblue-02: #5252cc;
    --clr-dash-dustblue-03: #5252cc66;
    --clr-dash-dustblue-04: #4f4cd933;

    --clr-dash-dustgreen-01: #4d993d;
    --clr-dash-dustgreen-02: #63a642;
    --clr-dash-dustgreen-03: #63a64266;
    --clr-dash-dustgreen-04: #4d993d33;

    --clr-dash-teal-01: #0fbda0;
    --clr-dash-teal-02: #36e2c6;
    --clr-dash-teal-03: #36e2c666;
    --clr-dash-teal-04: #0fbda033;

    --clr-dash-coffee-01: #965a3c;
    --clr-dash-coffee-02: #c86e46;
    --clr-dash-coffee-03: #c86e4666;
    --clr-dash-coffee-04: #965a3233;
}
:root {
    --space-2: 2px;
    --space-4: 4px;
    --space-5: 5px;
    --space-6: 6px;
    --space-8: 8px;
    --space-10: 10px;
    --space-12: 12px;
    --space-14: 14px;
    --space-16: 16px;
    --space-18: 18px;
    --space-20: 20px;
    --space-24: 24px;
    --space-28: 28px;
    --space-32: 32px;
    --space-40: 40px;
    --space-48: 48px;
}
@font-face {
    font-family: 'YS Text';
    src: url('//yastatic.net/islands/_/PyVcRbwHetz0gOVWLonWH7Od8zM.woff2') format('woff2'),
        url('//yastatic.net/islands/_/bIx8jOfCEfR-mECoDUEZywDBuHA.woff') format('woff');
    font-weight: 400;
    font-style: normal;
    font-display: optional;
}

@font-face {
    font-family: 'YS Text';
    src: url('//yastatic.net/islands/_/7_GKBdKFbUPzKlghJRv55xgz0FQ.woff2') format('woff2'),
        url('//yastatic.net/islands/_/SmqPmIMEXrW4lOY8QrhTUVDbrro.woff') format('woff');
    font-weight: 500;
    font-style: normal;
    font-display: optional;
}

@font-face {
    font-family: 'YS Text';
    src: url('//yastatic.net/islands/_/6Roy0LCd05cK4nNCipgzheYcNVU.woff2') format('woff2'),
        url('//yastatic.net/islands/_/KtHQR1erf3spayoIM4M4ngg0e2E.woff') format('woff');
    font-weight: 700;
    font-style: normal;
    font-display: optional;
}

body,
input,
textarea,
button {
    font-family: 'YS Text', arial, sans-serif;
}

:root {
    --line-height-13: 13px;
    --line-height-14: 14px;
    --line-height-16: 16px;
    --line-height-18: 18px;
    --line-height-20: 20px;
    --line-height-24: 24px;
    --line-height-28: 28px;
    --line-height-32: 32px;
    --line-height-40: 40px;

    --font-size-11: 11px;
    --font-size-12: 12px;
    --font-size-14: 14px;
    --font-size-16: 16px;
    --font-size-20: 20px;
    --font-size-24: 24px;
    --font-size-32: 32px;
}
:root {
    --shdw-popover: 0px 0px 3px rgba(165, 177, 202, 0.3), 0px 10px 40px rgba(165, 177, 202, 0.3);
    --shdw-el-focused: 0 0 0 2px var(--clr-el-blue-060);
}
.multi-story {
    font-size: 16px;
}

    .multi-story__group {
        margin-bottom: 24px;
    }

    .multi-story__group-title {
        font-weight: 700;
        margin-bottom: 12px;
        white-space: pre;
    }

    .multi-story__group-items {
        display: flex;
    }

    .multi-story__item {
        margin-right: 32px;
    }

    .multi-story__item-title {
        margin-bottom: 8px;
    }
.menu {
    padding: var(--space-8) 0;
}

    .menu_nested {
        background-color: var(--clr-bg-gray-1);
        border-radius: 12px;
        box-shadow: 0px 0px 3px rgba(165, 177, 202, 0.3), 0px 10px 40px rgba(165, 177, 202, 0.3);
    }

    .menu__item-icon {
        margin-left: var(--space-12);
        width: 16px;
        height: 16px;
    }

    .menu__angle-right-icon {
        fill: var(--clr-el-gray-050);
    }

    .menu__subtitle {
        display: flex;
        align-items: center;
    }

    .menu__item-wrapper {
        display: flex;
        position: relative;
        align-items: center;
        cursor: pointer;
        outline: none;
    }

    .menu__item-wrapper_disabled {
            opacity: 0.5
        }

    .menu__item-wrapper_disabled,
        .menu__item-wrapper_not-selectable {
            cursor: default;
        }

    .menu__item-wrapper:not(.menu__item-wrapper_not-selectable):not(.menu__item-wrapper_disabled).menu__item-wrapper_active,
        .menu__item-wrapper:not(.menu__item-wrapper_not-selectable):not(.menu__item-wrapper_disabled).menu__item-wrapper:hover {
             background-color: var(--clr-el-gray-020);
        }

    .menu__item-wrapper_with-delimiter {
            margin-bottom: 17px;
        }

    .menu__item-wrapper_with-delimiter:after {
            position: absolute;
            content: '';
            width: 100%;
            bottom: -9px;
            left: 0;
            border-top: 1px solid var(--clr-el-gray-030);
            pointer-events: none;
        }

    .menu__switch-item,
    .menu__value-item,
    .menu__item-with-nested,
    .menu__description {
        padding: var(--space-8) var(--space-12) var(--space-8) var(--space-16);
        display: flex;
        width: 100%;
    }

    .menu__switch {
        margin-left: var(--space-12);
    }

    .menu__description {
        font-size: 14px;
        line-height: 20px;
        color: var(--clr-el-gray-060);
    }
.options-list__item-container {
        padding: var(--space-8) var(--space-12) var(--space-8) var(--space-24);
        display: flex;
        justify-content: space-between;
        cursor: pointer;
        user-select: none;
    }

        .options-list__item-container:hover:not(.options-list__item-container_active):not(.options-list__item-container_disabled) {
            background-color: var(--clr-bg-gray-2);
        }

        .options-list__item-container_active {
            background-color: var(--clr-bg-gray-3);
        }

        .options-list__item-container_centered-content {
            align-items: center;
        }

        .options-list__item-container_disabled {
            cursor: default;
        }
    .options-list_width_auto {
        max-width: max-content;
    }
    .options-list__icon-container {
        margin-left: var(--space-12);
        width: 16px;
        height: 16px;
    }
    .options-list__icon {
        color: var(--clr-el-gray-080);
    }
    .options-list__item {
        display: flex;
        flex-direction: column;
        flex: 1;
        word-break: break-word;
        overflow-wrap: anywhere;
    }
    .options-list__item-header {
        display: flex;
        justify-content: space-between;
    }
    .options-list__item-title {
        color: var(--clr-el-gray-080);
        font-size: 14px;
        line-height: 20px;
    }
    .options-list__item-container_disabled .options-list__item-title {
        color: var(--clr-el-gray-050);
    }
    .options-list__item-subtitle {
        color: var(--clr-el-gray-060);
        font-size: 14px;
        line-height: 20px;
        margin-left: var(--space-12);
    }
    .options-list__item-container_disabled .options-list__item-subtitle {
        color: var(--clr-el-gray-050);
    }
    .options-list__item-description {
        color: var(--clr-el-gray-060);
        font-size: 14px;
        line-height: 20px;
    }
    .options-list__item-container_disabled .options-list__item-description {
        color: var(--clr-el-gray-050);
    }
.popup {
    position: absolute;
    box-sizing: border-box;

    user-select: none;

    opacity: 0;
    transition: opacity .1s ease-in, transform .1s ease-in;
    pointer-events: all;
}

    .popup_test {
        position: static;
        display: inline-block;
    }

    .popup {

    --transform-origin: top;
}

    .popup_direction_top {
            transform: translate(0, -5px);

            --tail-left: 50%;
            --tail-top: 100%;

            --tail-transform-x: 50%;
            --tail-transform-y: -100%;

            --tail-rotate: 180deg;
        }

    .popup_direction_left {
            transform: translate(-5px, 0);
            --transform-origin: 0 0;
            --tail-left: 100%;
            --tail-top: 50%;

            --tail-transform-x: -50%;
            --tail-transform-y: -100%;

            --tail-rotate: 90deg;
        }

    .popup_direction_bottom {
            transform: translate(0, 5px);

            --tail-left: 50%;
            --tail-top: 1px;

            --tail-transform-x: -50%;
            --tail-transform-y: -100%;

            --tail-rotate: 0deg;
        }

    .popup_direction_right {
            transform: translate(5px, 0);

            --tail-left: 0;
            --tail-top: 50%;

            --tail-transform-x: -50%;
            --tail-transform-y: -100%;

            --transform-origin: 0 0;

            --tail-rotate: -90deg;
        }

    .popup_visible {
        opacity: 1;
        transform: none;
    }

    .popup__tail {
        position: absolute;
        display: flex;

        left: var(--tail-left);
        top: var(--tail-top);

        transform-origin: var(--transform-origin);
        transform: rotate(var(--tail-rotate)) translate(var(--tail-transform-x), var(--tail-transform-y));
    }

    .popup_overflow {
        overflow: auto;
    }
.switch {
    display: flex;
    justify-content: space-between;
    flex: 1;
    cursor: pointer;
    user-select: none;

    font-size: var(--switch-font-size);
    line-height: var(--switch-line-height);
}

    .switch_disabled {
        cursor: default;
    }

    .switch_width_auto {
        max-width: max-content;
    }

    .switch_size_s20 {
            --switch-font-size: 14px;
            --switch-line-height: 20px;
            --switch-icon-height: 16px;
            --switch-icon-width: 24px;
        }

    .switch_size_s24 {
            --switch-font-size: 16px;
            --switch-line-height: 24px;
            --switch-icon-height: 20px;
            --switch-icon-width: 32px;
        }

    .switch_size_s26 {
            --switch-font-size: 18px;
            --switch-line-height: 26px;
            --switch-icon-height: 24px;
            --switch-icon-width: 40px;
        }

    .switch__label {
        position: relative;
        color: var(--switch-font-color);
        font-weight: 400;
        word-break: break-word;
        overflow-wrap: anywhere;
        margin-right: var(--space-8);
    }

    .switch_disabled .switch__label {
        color: var(--switch-label-disabled-color);
    }

    .switch__icon {
        position: relative;
        background-color: var(--switch-icon-color);
        display: flex;
        flex: none;
        align-items: center;
        margin: calc((var(--switch-line-height) - var(--switch-icon-height)) / 2) 0;
        padding: 0 var(--space-2);
        transition: background-color 0.1s linear;
        height: var(--switch-icon-height);
        width: var(--switch-icon-width);
        border-radius: calc(var(--switch-icon-width) / 2);
    }

    .switch__icon_checked {
            background-color: var(--switch-icon-checked-color);
        }

    .switch:hover:not(.switch_disabled) .switch__icon {
        background-color: var(--switch-icon-hover-color);
    }

    .switch:hover:not(.switch_disabled) .switch__icon_checked {
        background-color: var(--switch-icon-checked-hover-color);
    }

    .switch__icon-circle {
        background-color: var(--switch-icon-circle-color);
        transition: 0.1s ease-out;
        transition-property: transform, width;

        --switch-icon-circle-size: calc(var(--switch-icon-width) / 2);
        width: var(--switch-icon-circle-size);
        height: var(--switch-icon-circle-size);
        border-radius: calc(var(--switch-icon-circle-size) / 2);
    }

    .switch:not(.switch_disabled) .switch__icon:active .switch__icon-circle {
        width: calc(var(--switch-icon-circle-size) + 2px);
    }

    .switch__icon_checked .switch__icon-circle {
        transform: translateX(calc(var(--switch-icon-width) - 100%));
    }

    .switch_disabled .switch__icon {
        background-color: var(--switch-icon-disabled-color);
    }

    .switch__input {
        position: absolute;
        opacity: 0;
        width: 0;
        height: 0;
    }

    .switch__input:focus-visible ~ .switch__icon {
        box-shadow: var(--shdw-el-focused);
    }

    .switch__icon-left,
    .switch__icon-right {
        position: absolute;
        pointer-events: none;
        display: flex;
        top: 0;
        bottom: 0;
        align-items: center;
        justify-content: center;
        width: 50%;
        color: var(--switch-icon-sides-color);
    }

    .switch__icon-left {
        left: 1px;
    }

    .switch__icon-right {
        right: 1px;
    }
.switch_theme_default {
    --switch-font-color: var(--clr-el-gray-080);
    --switch-label-disabled-color: var(--clr-el-gray-050);

    --switch-icon-color: var(--clr-el-gray-030);
    --switch-icon-hover-color: var(--clr-el-gray-040);

    --switch-icon-disabled-color: var(--clr-el-gray-015);
    --switch-icon-focus-visible-color: var(--clr-el-yellow-100);

    --switch-icon-checked-color: var(--clr-el-yellow-100);
    --switch-icon-checked-hover-color: var(--clr-el-yellow-200);

    --switch-icon-circle-color: var(--clr-bg-gray-1);

    --switch-icon-sides-color: var(--clr-el-gray-070);
}
.switch_theme_pseudo {
    --switch-font-color: var(--clr-el-gray-080);
    --switch-label-disabled-color: var(--clr-el-gray-050);

    --switch-icon-color: var(--clr-el-gray-030);
    --switch-icon-hover-color: var(--clr-el-gray-040);

    --switch-icon-disabled-color: var(--clr-el-gray-015);
    --switch-icon-focus-visible-color: var(--clr-el-yellow-100);

    --switch-icon-checked-color: var(--clr-el-gray-030);
    --switch-icon-checked-hover-color: var(--clr-el-gray-040);

    --switch-icon-circle-color: var(--clr-bg-gray-1);

    --switch-icon-sides-color: var(--clr-el-gray-070);
}
.svg-direction-icon {
    transition-duration: 0.1s;
    transition-property: transform;
}

    .svg-direction-icon_direction_left {
            transform: rotate(90deg);
        }

    .svg-direction-icon_direction_right {
            transform: rotate(-90deg);
        }

    .svg-direction-icon_direction_up {
            transform: rotate(180deg);
        }

    .svg-direction-icon_direction_down {
            transform: rotate(0deg);
        }
.button {
    border: none;
    cursor: pointer;
    background-color: transparent;
    padding: 0;
    outline: none;
}
    .button:focus-visible .button__shape {
        box-shadow: var(--shdw-el-focused);
    }
    .button__shape {
        display: flex;
        align-items: center;
        justify-content: center;
        transition: transform 0.1s ease-out, color 0.15s linear;
        color: var(--clr-el-gray-080);
        border-radius: var(--button-border-radius);
    }
    .button_rounded .button__shape {
        border-radius: calc(
            (
                    var(--button-mode-text-vertical-padding) * 2 + var(--button-line-height) +
                        var(--button-text-padding-bottom)
                ) / 2
        );
    }
    .button:active .button__shape {
        transition: none;
        transform: scale(0.96);
    }
    .button:disabled .button__shape,
    .button:disabled:hover .button__shape {
        transform: scale(1);
        background-color: var(--clr-el-gray-020);
        color: var(--clr-el-gray-050);
        cursor: default;
    }
    .button_mode_icon .button__shape {
            padding: var(--button-mode-icon-padding);
        }
    .button_mode_text .button__shape {
            padding: var(--button-mode-text-padding);
        }
    .button_with-left-icon .button__shape {
        padding-left: var(--button-mode-text-with-icon-horizontal-padding);
    }
    .button_with-right-icon .button__shape {
        padding-right: var(--button-mode-text-with-icon-horizontal-padding);
    }
    .button_size_s32 {
            --button-border-radius: 10px;
            --button-font-size: 14px;
            --button-line-height: 20px;

            --button-mode-text-vertical-padding: 5px;
            --button-mode-text-padding: var(--button-mode-text-vertical-padding) var(--space-12);
            --button-mode-text-with-icon-horizontal-padding: var(--space-8);
            --button-text-padding-bottom: var(--space-2);

            --button-mode-icon-padding: var(--space-8);
        }
    .button_size_s36 {
            --button-border-radius: 12px;
            --button-font-size: 14px;
            --button-line-height: 20px;

            --button-mode-text-padding: var(--space-8) var(--space-16);
            --button-mode-text-with-icon-horizontal-padding: var(--space-12);
            --button-text-padding-bottom: 0;

            --button-mode-icon-padding: 10px;
        }
    .button_size_s44 {
            --button-border-radius: 14px;
            --button-font-size: 16px;
            --button-line-height: 24px;

            --button-mode-text-vertical-padding: 10px;
            --button-mode-text-padding: var(--button-mode-text-vertical-padding) var(--space-20);
            --button-mode-text-with-icon-horizontal-padding: 14px;
            --button-text-padding-bottom: 0px;

            --button-mode-icon-padding: 10px;
        }
    .button_size_s56 {
            --button-border-radius: 14px;
            --button-font-size: 20px;
            --button-line-height: 28px;

            --button-mode-text-vertical-padding: 13px;
            --button-mode-text-padding: var(--button-mode-text-vertical-padding) var(--space-20);
            --button-mode-text-with-icon-horizontal-padding: 14px;
            --button-text-padding-bottom: var(--space-2);

            --button-mode-icon-padding: var(--space-16);
        }
    .button_view_contrast .button__shape {
            background-color: var(--clr-bg-gray-1);
        }
    .button_view_contrast .button__shape:hover {
                background-color: var(--clr-bg-gray-2);
            }
    .button_view_contrast .button__shape:active {
                background-color: var(--clr-bg-gray-2);
            }
    .button_view_shade .button__shape {
            background-color: var(--clr-el-gray-020);
        }
    .button_view_shade .button__shape:hover {
                background-color: var(--clr-el-gray-030);
            }
    .button_view_shade .button__shape:active {
                background-color: var(--clr-el-gray-030);
            }
    .button_view_primary .button__shape {
            background-color: var(--clr-el-yellow-100);
        }
    .button_view_primary .button__shape:hover {
                background-color: var(--clr-el-yellow-200);
            }
    .button_view_primary .button__shape:active {
                background-color: var(--clr-el-yellow-200);
            }
    .button_view_contour .button__shape {
            box-shadow: inset 0 0 0 1px var(--clr-el-gray-030);
        }
    .button_view_contour .button__shape:hover {
                box-shadow: inset 0 0 0 1px var(--clr-el-gray-040);
            }
    .button_width_max {
            width: 100%;
        }
    .button_width_auto {
            width: auto;
            max-width: max-content;
        }
    .button_with-left-icon .button__text {
        margin-left: 8px;
    }
    .button_with-right-icon .button__text {
        margin-right: 8px;
    }
    .button__text {
        font-weight: 400;
        text-align: center;
        white-space: nowrap;
        user-select: none;
        font-size: var(--button-font-size);
        line-height: var(--button-line-height);
        padding-bottom: var(--button-text-padding-bottom);
    }
.dropdown__popup {
        background-color: var(--clr-bg-gray-1);
        border-radius: 12px;
        box-shadow: var(--shdw-popover);
        overflow: hidden;
    }
    .dropdown__anchor,
    .dropdown__anchor-arrow {
        display: inline-block;
        user-select: none;
    }
    .dropdown__anchor:focus {
        outline: none;
    }
    .dropdown__anchor:focus-visible {
        box-shadow: var(--shdw-el-focused);
    }
    .dropdown__anchor-arrow {
        height: 16px;
    }
.metrics-aux-settings-menu__toggle-button {
        position: relative;
    }
    .metrics-aux-settings-menu__warning-icon {
        color: var(--clr-el-blue-100);
        position: absolute;
        top: -6px;
        right: -10px;
        opacity: 1;
        transition: opacity 0.3s linear;
    }
    .metrics-aux-settings-menu__warning-icon_hidden {
            opacity: 0;
        }
    .metrics-aux-settings-menu__accuracy-title {
        position: relative;
    }
    .metrics-aux-settings-menu__accuracy-title_changed:after {
            content: '';
            position: absolute;
            top: 7px;
            right: -14px;
            width: 8px;
            height: 8px;
            border-radius: 50%;
            background-color: var(--clr-el-blue-100);
        }

<div style=\\"background-color:var(--clr-bg-gray-500);padding:20px\\"><button class=\\"button metrics-aux-settings-menu__toggle-button button_width_auto button_size_s36 button_view_contrast button_mode_icon\\"><div class=\\"button__shape\\"><svg width=\\"16px\\" fill=\\"currentColor\\" height=\\"16px\\" viewBox=\\"0 0 16 16\\"><path color=\\"currentColor\\" fill-rule=\\"evenodd\\" clip-rule=\\"evenodd\\" d=\\"M10.5 7.20005C9.08191 7.20005 7.87927 6.27762 7.45935 5.00005H1C0.447715 5.00005 0 4.55233 0 4.00005C0 3.44776 0.447715 3.00005 1 3.00005H7.45935C7.87927 1.72248 9.08191 0.800049 10.5 0.800049C11.9181 0.800049 13.1207 1.72248 13.5406 3.00005H15C15.5523 3.00005 16 3.44776 16 4.00005C16 4.55233 15.5523 5.00005 15 5.00005H13.5406C13.1207 6.27762 11.9181 7.20005 10.5 7.20005ZM1 11C0.447715 11 0 11.4478 0 12C0 12.5523 0.447715 13 1 13H2.45935C2.87927 14.2776 4.08191 15.2 5.5 15.2C6.91809 15.2 8.12073 14.2776 8.54065 13H15C15.5523 13 16 12.5523 16 12C16 11.4478 15.5523 11 15 11H8.54065C8.12073 9.72248 6.91809 8.80005 5.5 8.80005C4.08191 8.80005 2.87927 9.72248 2.45935 11H1ZM6.9 12C6.9 12.7732 6.2732 13.4 5.5 13.4C4.7268 13.4 4.1 12.7732 4.1 12C4.1 11.2269 4.7268 10.6 5.5 10.6C6.2732 10.6 6.9 11.2269 6.9 12ZM11.9 4.00005C11.9 3.22685 11.2732 2.60005 10.5 2.60005C9.7268 2.60005 9.1 3.22685 9.1 4.00005C9.1 4.77325 9.7268 5.40005 10.5 5.40005C11.2732 5.40005 11.9 4.77325 11.9 4.00005Z\\"></path></svg><svg width=\\"24px\\" fill=\\"currentColor\\" height=\\"24px\\" viewBox=\\"0 0 24 24\\" class=\\"metrics-aux-settings-menu__warning-icon metrics-aux-settings-menu__warning-icon_hidden\\"><rect x=\\"7\\" y=\\"4\\" width=\\"6\\" height=\\"12\\" fill=\\"white\\"></rect><path d=\\"M10 18C14.4183 18 18 14.4183 18 10C18 5.58172 14.4183 2 10 2C5.58172 2 2 5.58172 2 10C2 14.4183 5.58172 18 10 18ZM8.70996 13.7025C8.70996 12.9569 9.27667 12.42 9.9925 12.42C10.7233 12.42 11.29 12.9569 11.29 13.7025C11.29 14.4482 10.7233 15 9.9925 15C9.27667 15 8.70996 14.4482 8.70996 13.7025ZM9.46502 5H10.5349C10.9737 5 11.3187 5.37502 11.2823 5.81229L10.8882 10.541C10.8666 10.8002 10.65 10.9995 10.3899 10.9995H9.61006C9.35002 10.9995 9.13338 10.8002 9.11178 10.541L8.71761 5.8123C8.68116 5.37503 9.02623 5 9.46502 5Z\\" fill=\\"currentColor\\"></path><path d=\\"M10 16C6.68629 16 4 13.3137 4 10H0C0 15.5228 4.47715 20 10 20V16ZM16 10C16 13.3137 13.3137 16 10 16V20C15.5228 20 20 15.5228 20 10H16ZM10 4C13.3137 4 16 6.68629 16 10H20C20 4.47715 15.5228 0 10 0V4ZM10 0C4.47715 0 0 4.47715 0 10H4C4 6.68629 6.68629 4 10 4V0Z\\" fill=\\"currentColor\\"></path></svg></div></button><div class=\\"popup dropdown__popup popup_visible popup_test\\" style=\\"z-index:1000\\"><div class=\\"dropdown\\"><div class=\\"menu\\" style=\\"min-width:200px;max-width:260px\\"><div tabindex=\\"-1\\" class=\\"menu__item-wrapper\\"><div class=\\"menu__item-with-nested\\"><div class=\\"options-list__item\\"><div class=\\"options-list__item-header\\"><span class=\\"options-list__item-title\\">Валюта</span><span class=\\"options-list__item-subtitle\\">€ • EUR</span></div></div><div class=\\"menu__item-icon\\"><svg width=\\"16px\\" fill=\\"currentColor\\" height=\\"16px\\" class=\\"svg-direction-icon menu__angle-right-icon svg-direction-icon_direction_right\\" viewBox=\\"0 0 16 16\\"><path color=\\"currentColor\\" fill-rule=\\"evenodd\\" clip-rule=\\"evenodd\\" d=\\"M12.7931 4.79265L8 9.58252L3.20687 4.79265C2.81621 4.40226 2.18304 4.40248 1.79265 4.79313C1.40226 5.18379 1.40248 5.81696 1.79313 6.20735L7.29313 11.7036C7.6836 12.0938 8.3164 12.0938 8.70687 11.7036L14.2069 6.20735C14.5975 5.81696 14.5977 5.18379 14.2073 4.79313C13.817 4.40248 13.1838 4.40226 12.7931 4.79265Z\\"></path></svg></div></div></div><div class=\\"popup menu__popup popup_visible popup_test\\" style=\\"z-index:1000\\"><div class=\\"menu\\"><div class=\\"menu menu_nested\\"><div tabindex=\\"-1\\" class=\\"menu__item-wrapper\\"><div class=\\"menu__value-item\\"><div class=\\"options-list__item\\"><div class=\\"options-list__item-header\\"><span class=\\"options-list__item-title\\">USD</span><span class=\\"options-list__item-subtitle\\">$</span></div></div><div class=\\"menu__item-icon\\"></div></div></div><div class=\\"popup menu__popup popup_visible popup_test\\" style=\\"z-index:1000\\"><div class=\\"menu\\"></div></div><div tabindex=\\"-1\\" class=\\"menu__item-wrapper\\"><div class=\\"menu__value-item\\"><div class=\\"options-list__item\\"><div class=\\"options-list__item-header\\"><span class=\\"options-list__item-title\\">EUR</span><span class=\\"options-list__item-subtitle\\">€</span></div></div><div class=\\"menu__item-icon\\"><svg width=\\"16px\\" fill=\\"currentColor\\" height=\\"16px\\" viewBox=\\"0 0 16 16\\" class=\\"menu__icon\\"><path color=\\"currentColor\\" fill-rule=\\"evenodd\\" clip-rule=\\"evenodd\\" d=\\"M5.94155 11.9376L2.2433 7.8284C1.87384 7.41789 1.24155 7.38461 0.831044 7.75407C0.420534 8.12353 0.387255 8.75582 0.756714 9.16633L5.25671 14.1663C5.67415 14.6301 6.40975 14.6026 6.79129 14.1088L15.2913 3.10881C15.629 2.6718 15.5485 2.04377 15.1115 1.70608C14.6744 1.36838 14.0464 1.4489 13.7087 1.88592L5.94155 11.9376Z\\"></path></svg></div></div></div><div class=\\"popup menu__popup popup_visible popup_test\\" style=\\"z-index:1000\\"><div class=\\"menu\\"></div></div><div tabindex=\\"-1\\" class=\\"menu__item-wrapper\\"><div class=\\"menu__value-item\\"><div class=\\"options-list__item\\"><div class=\\"options-list__item-header\\"><span class=\\"options-list__item-title\\">RUB</span><span class=\\"options-list__item-subtitle\\">₽</span></div></div><div class=\\"menu__item-icon\\"></div></div></div><div class=\\"popup menu__popup popup_visible popup_test\\" style=\\"z-index:1000\\"><div class=\\"menu\\"></div></div></div></div></div><div tabindex=\\"-1\\" class=\\"menu__item-wrapper\\"><div class=\\"menu__item-with-nested\\"><div class=\\"options-list__item\\"><div class=\\"options-list__item-header\\"><span class=\\"options-list__item-title\\"><div class=\\"metrics-aux-settings-menu__accuracy-title\\">Точность</div></span><span class=\\"options-list__item-subtitle\\">Быстрее</span></div></div><div class=\\"menu__item-icon\\"><svg width=\\"16px\\" fill=\\"currentColor\\" height=\\"16px\\" class=\\"svg-direction-icon menu__angle-right-icon svg-direction-icon_direction_right\\" viewBox=\\"0 0 16 16\\"><path color=\\"currentColor\\" fill-rule=\\"evenodd\\" clip-rule=\\"evenodd\\" d=\\"M12.7931 4.79265L8 9.58252L3.20687 4.79265C2.81621 4.40226 2.18304 4.40248 1.79265 4.79313C1.40226 5.18379 1.40248 5.81696 1.79313 6.20735L7.29313 11.7036C7.6836 12.0938 8.3164 12.0938 8.70687 11.7036L14.2069 6.20735C14.5975 5.81696 14.5977 5.18379 14.2073 4.79313C13.817 4.40248 13.1838 4.40226 12.7931 4.79265Z\\"></path></svg></div></div></div><div class=\\"popup menu__popup popup_visible popup_test\\" style=\\"z-index:1000\\"><div class=\\"menu\\"><div class=\\"menu menu_nested\\" style=\\"max-width:200px\\"><div tabindex=\\"-1\\" class=\\"menu__item-wrapper\\"><div class=\\"menu__value-item\\"><div class=\\"options-list__item\\"><div class=\\"options-list__item-header\\"><span class=\\"options-list__item-title\\">Быстрее</span></div></div><div class=\\"menu__item-icon\\"><svg width=\\"16px\\" fill=\\"currentColor\\" height=\\"16px\\" viewBox=\\"0 0 16 16\\" class=\\"menu__icon\\"><path color=\\"currentColor\\" fill-rule=\\"evenodd\\" clip-rule=\\"evenodd\\" d=\\"M5.94155 11.9376L2.2433 7.8284C1.87384 7.41789 1.24155 7.38461 0.831044 7.75407C0.420534 8.12353 0.387255 8.75582 0.756714 9.16633L5.25671 14.1663C5.67415 14.6301 6.40975 14.6026 6.79129 14.1088L15.2913 3.10881C15.629 2.6718 15.5485 2.04377 15.1115 1.70608C14.6744 1.36838 14.0464 1.4489 13.7087 1.88592L5.94155 11.9376Z\\"></path></svg></div></div></div><div class=\\"popup menu__popup popup_visible popup_test\\" style=\\"z-index:1000\\"><div class=\\"menu\\"></div></div><div tabindex=\\"-1\\" class=\\"menu__item-wrapper\\"><div class=\\"menu__value-item\\"><div class=\\"options-list__item\\"><div class=\\"options-list__item-header\\"><span class=\\"options-list__item-title\\">Точнее</span></div></div><div class=\\"menu__item-icon\\"></div></div></div><div class=\\"popup menu__popup popup_visible popup_test\\" style=\\"z-index:1000\\"><div class=\\"menu\\"></div></div><div tabindex=\\"-1\\" class=\\"menu__item-wrapper menu__item-wrapper_not-selectable\\"><div class=\\"menu__description\\">Низкая точность ускорит загрузку, но данные будут округлены</div></div><div class=\\"popup menu__popup popup_visible popup_test\\" style=\\"z-index:1000\\"><div class=\\"menu\\"></div></div></div></div></div></div></div></div></div>"
`;
