[
  [
    "7857761",
    1653170421,
    0.17164179104477612,
    146
  ]
]
