{
  "descriptors": [
    [
      "moscow",
      "eco",
      "single_ride",
      0,
      30,
      "{activity}",
      true,
      true,
      [
        "t1",
        "t2"
      ],
      "2021-01-30 21:00:00",
      "2021-02-01 21:00:00",
      "2021-01-15 21:00:00"
    ]
  ],
  "items": []
}
