{
  "dimensions": [
    {
      "height": 1,
      "width": 1
    },
    {
      "height": 2,
      "width": 1
    },
    {
      "height": 2,
      "width": 2
    },
    {
      "height": 3,
      "width": 2
    },
    {
      "height": 4,
      "width": 2
    },
    {
      "height": 6,
      "width": 2
    }
  ]
}
