exports[`История изменений фронт-категории Скачивание изображения из истории фронт-категории 1`] = "ee878398a611e1df3ca98fa98d073f36";