// Jest Snapshot v1, https://goo.gl/fbAQLP

exports[`ReorderModal не позволяет нажать кнопку заказа дважды, но разблокирует её после заказа 1`] = `
<Component
  OKText="modal.order.price.changed.confirm"
  className="ReorderModal"
  onCancelClick={[MockFunction]}
  onCloseRequest={[MockFunction]}
  onOKClick={[Function]}
  title="modal.order.price.changed.title"
>
  <Section
    padding="l"
    theme="white"
  >
    <div
      className="amber-typography__body2"
    >
      <Connect(withProps(OrderEstimate))
        t={[Function]}
      />
    </div>
  </Section>
</Component>
`;
