// Jest Snapshot v1, https://goo.gl/fbAQLP

exports[`Suggest Проверка renderItem пропса 1`] = `
<ul
  class="l1xltboq"
  id="id-uuidv4-4"
  role="listbox"
>
  <li
    aria-selected="false"
    class="lon6nqt"
    role="option"
  >
    <div>
      <span>
        label0
      </span>
      <span>
        label0-secondary
      </span>
    </div>
  </li>
  <div
    class="s4a5ip9"
  />
  <li
    aria-selected="false"
    class="lon6nqt"
    role="option"
  >
    <div>
      <span>
        label1
      </span>
      <span>
        label1-secondary
      </span>
    </div>
  </li>
  <div
    class="s4a5ip9"
  />
  <li
    aria-selected="false"
    class="lon6nqt"
    role="option"
  >
    <div>
      <span>
        label2
      </span>
      <span>
        label2-secondary
      </span>
    </div>
  </li>
</ul>
`;
