// Jest Snapshot v1, https://goo.gl/fbAQLP

exports[`<PlaybackSpeedControl> renders correctly 1`] = `
.c1 {
  margin: 0;
  padding: 0;
  border: none;
  background: none;
  outline: none;
  cursor: pointer;
}

.c1 svg {
  display: block;
}

.c0 {
  width: 55px;
  height: 55px;
  opacity: 0.6;
}

.c0 svg {
  width: 100%;
  height: 100%;
  fill: rgba(255,255,255,1);
}

.c0:hover {
  opacity: 0.8;
}

.c0:active {
  opacity: 0.75;
}

<button
  className="c0 c1"
  onClick={[Function]}
/>
`;

exports[`<PlaybackSpeedControl> renders correctly 2`] = `
.c1 {
  margin: 0;
  padding: 0;
  border: none;
  background: none;
  outline: none;
  cursor: pointer;
}

.c1 svg {
  display: block;
}

.c0 {
  width: 55px;
  height: 55px;
  opacity: 0.6;
}

.c0 svg {
  width: 100%;
  height: 100%;
  fill: rgba(255,255,255,1);
}

.c0:hover {
  opacity: 0.8;
}

.c0:active {
  opacity: 0.75;
}

<button
  className="c0 c1"
  onClick={[Function]}
/>
`;

exports[`<PlaybackSpeedControl> renders correctly 3`] = `
.c1 {
  margin: 0;
  padding: 0;
  border: none;
  background: none;
  outline: none;
  cursor: pointer;
}

.c1 svg {
  display: block;
}

.c0 {
  width: 55px;
  height: 55px;
  opacity: 0.6;
}

.c0 svg {
  width: 100%;
  height: 100%;
  fill: rgba(255,255,255,1);
}

.c0:hover {
  opacity: 0.8;
}

.c0:active {
  opacity: 0.75;
}

<button
  className="c0 c1"
  onClick={[Function]}
/>
`;

exports[`<PlaybackSpeedControl> renders correctly 4`] = `
.c1 {
  margin: 0;
  padding: 0;
  border: none;
  background: none;
  outline: none;
  cursor: pointer;
}

.c1 svg {
  display: block;
}

.c0 {
  width: 55px;
  height: 55px;
  opacity: 0.6;
}

.c0 svg {
  width: 100%;
  height: 100%;
  fill: rgba(255,255,255,1);
}

.c0:hover {
  opacity: 0.8;
}

.c0:active {
  opacity: 0.75;
}

<button
  className="c0 c1"
  onClick={[Function]}
/>
`;
