1..2  # full_failed.yml
  1..3  # full_failed chrome 800x600
  ok 1 - Get "/"
  not ok 2 - Has not-existing
  # Page has no element with locator "not-existing"
  # Waiting failed with <N> attempts
    1..2
    ok 1 - Has body
    ok 2 - Has form
  ok 3 - Wait while subtests will be resolved
  # Looks like you failed 1 tests of 3
not ok 1 - full_failed chrome 800x600
  1..3  # full_failed firefox 800x600
  ok 1 - Get "/"
  not ok 2 - Has not-existing
  # Page has no element with locator "not-existing"
  # Waiting failed with <N> attempts
    1..2
    ok 1 - Has body
    ok 2 - Has form
  ok 3 - Wait while subtests will be resolved
  # Looks like you failed 1 tests of 3
not ok 2 - full_failed firefox 800x600
# Looks like you failed 2 tests of 2
