// Jest Snapshot v1, https://goo.gl/fbAQLP

exports[`card`] = `
Object {
  "data": Object {
    "log_id": "general_div2",
    "states": Array [
      Object {
        "div": Object {
          "action": Object {
            "log_id": "add_button",
            "url": "https://o.yandex.ru/form/?from=search_app&utm_campaign=add_content&utm_content=offer&utm_source=search_app&utm_medium=cpc",
          },
          "cards": Array [
            Object {
              "div": Object {
                "items": Array [
                  Object {
                    "action": Object {
                      "log_id": "zhivotnie-1_ceXz4j/1",
                      "url": "https://o.yandex.ru/tovari-dlya-zhivotnih/offer/22781132404281344/?from=search_app&utm_campaign=zhivotnie-1_ceXz4j&utm_content=offer&utm_source=search_app&utm_medium=cpc",
                    },
                    "card_image_url": "https://avatars.mds.yandex.net/get-o-yandex/3932382/f83862f9035635d4cd11b55c90825719/260x346",
                    "name": "Померанский шпиц",
                    "price": "11 000 ₽",
                    "type": "generalGalleryItem/b0a776943995ddab00b2400dcf8ed7dd",
                  },
                  Object {
                    "action": Object {
                      "log_id": "zhivotnie-1_ceXz4j/2",
                      "url": "https://o.yandex.ru/tovari-dlya-zhivotnih/offer/22775746860773376/?from=search_app&utm_campaign=zhivotnie-1_ceXz4j&utm_content=offer&utm_source=search_app&utm_medium=cpc",
                    },
                    "card_image_url": "https://avatars.mds.yandex.net/get-o-yandex/3853061/90be0a85d44db8e8991aefa84cefbd89/260x346",
                    "name": "Свинка морская самка крестед короткая шерсть",
                    "price": "3 000 ₽",
                    "type": "generalGalleryItem/b0a776943995ddab00b2400dcf8ed7dd",
                  },
                  Object {
                    "action": Object {
                      "log_id": "zhivotnie-1_ceXz4j/3",
                      "url": "https://o.yandex.ru/tovari-dlya-zhivotnih/offer/22934110253326336/?from=search_app&utm_campaign=zhivotnie-1_ceXz4j&utm_content=offer&utm_source=search_app&utm_medium=cpc",
                    },
                    "card_image_url": "https://avatars.mds.yandex.net/get-o-yandex/3930004/4fad9e0a6966a22e0901f095ba94a9be/260x346",
                    "name": "Шоколадный йорк",
                    "price": "88 000 ₽",
                    "type": "generalGalleryItem/b0a776943995ddab00b2400dcf8ed7dd",
                  },
                  Object {
                    "action": Object {
                      "log_id": "zhivotnie-1_ceXz4j/4",
                      "url": "https://o.yandex.ru/tovari-dlya-zhivotnih/offer/23886510772277248/?from=search_app&utm_campaign=zhivotnie-1_ceXz4j&utm_content=offer&utm_source=search_app&utm_medium=cpc",
                    },
                    "card_image_url": "https://avatars.mds.yandex.net/get-o-yandex/2789300/32b418df7477ab912c39930bd454472f/260x346",
                    "name": "Данио Glo разноцветные",
                    "price": "60 ₽",
                    "type": "generalGalleryItem/b0a776943995ddab00b2400dcf8ed7dd",
                  },
                  Object {
                    "action": Object {
                      "log_id": "zhivotnie-1_ceXz4j/5",
                      "url": "https://o.yandex.ru/tovari-dlya-zhivotnih/offer/24172771853242368/?from=search_app&utm_campaign=zhivotnie-1_ceXz4j&utm_content=offer&utm_source=search_app&utm_medium=cpc",
                    },
                    "card_image_url": "https://avatars.mds.yandex.net/get-o-yandex/3909167/74422e3ac025b8a33f21ea7feeae999d/260x346",
                    "name": "Шотландский племенной кот 1 год",
                    "price": "30 000 ₽",
                    "type": "generalGalleryItem/b0a776943995ddab00b2400dcf8ed7dd",
                  },
                  Object {
                    "action": Object {
                      "log_id": "zhivotnie-1_ceXz4j/6",
                      "url": "https://o.yandex.ru/tovari-dlya-zhivotnih/offer/22630093614075904/?from=search_app&utm_campaign=zhivotnie-1_ceXz4j&utm_content=offer&utm_source=search_app&utm_medium=cpc",
                    },
                    "card_image_url": "https://avatars.mds.yandex.net/get-o-yandex/3916340/b366cbb0457f1f4418510c303fea5e23/260x346",
                    "name": "Кошечка Мейн-кун",
                    "price": "18 000 ₽",
                    "type": "generalGalleryItem/b0a776943995ddab00b2400dcf8ed7dd",
                  },
                  Object {
                    "action": Object {
                      "log_id": "zhivotnie-1_ceXz4j/7",
                      "url": "https://o.yandex.ru/tovari-dlya-zhivotnih/offer/22619818170011648/?from=search_app&utm_campaign=zhivotnie-1_ceXz4j&utm_content=offer&utm_source=search_app&utm_medium=cpc",
                    },
                    "card_image_url": "https://avatars.mds.yandex.net/get-o-yandex/2977083/d44694d0b9a18bc5f8ffb7ab1277ead2/260x346",
                    "name": "Джек Рассел терьер, породные, красивые щенки.",
                    "price": "35 000 ₽",
                    "type": "generalGalleryItem/b0a776943995ddab00b2400dcf8ed7dd",
                  },
                  Object {
                    "action": Object {
                      "log_id": "zhivotnie-1_ceXz4j/8",
                      "url": "https://o.yandex.ru/tovari-dlya-zhivotnih/offer/23956945334935552/?from=search_app&utm_campaign=zhivotnie-1_ceXz4j&utm_content=offer&utm_source=search_app&utm_medium=cpc",
                    },
                    "card_image_url": "https://avatars.mds.yandex.net/get-o-yandex/3767261/25bf2dc4af2f2266badc97c5dbce94f0/260x346",
                    "name": "Селф черный самец морская свинка",
                    "price": "1 000 ₽",
                    "type": "generalGalleryItem/b0a776943995ddab00b2400dcf8ed7dd",
                  },
                  Object {
                    "action": Object {
                      "log_id": "zhivotnie-1_ceXz4j/9",
                      "url": "https://o.yandex.ru/tovari-dlya-zhivotnih/offer/22548984339984384/?from=search_app&utm_campaign=zhivotnie-1_ceXz4j&utm_content=offer&utm_source=search_app&utm_medium=cpc",
                    },
                    "card_image_url": "https://avatars.mds.yandex.net/get-o-yandex/3767261/658e6ed57b88d0b86c9c76ba804282c1/260x346",
                    "name": "Красавица породы Мейн-Кун",
                    "price": "20 000 ₽",
                    "type": "generalGalleryItem/b0a776943995ddab00b2400dcf8ed7dd",
                  },
                  Object {
                    "action": Object {
                      "log_id": "zhivotnie-1_ceXz4j/10",
                      "url": "https://o.yandex.ru/tovari-dlya-zhivotnih/offer/22832084994871296/?from=search_app&utm_campaign=zhivotnie-1_ceXz4j&utm_content=offer&utm_source=search_app&utm_medium=cpc",
                    },
                    "card_image_url": "https://avatars.mds.yandex.net/get-o-yandex/3843820/4445fa359b360e599e44dd403980322b/260x346",
                    "name": "Щенки бигля",
                    "price": "50 000 ₽",
                    "type": "generalGalleryItem/b0a776943995ddab00b2400dcf8ed7dd",
                  },
                ],
                "paddings": Object {
                  "left": 16,
                  "right": 16,
                },
                "type": "gallery",
              },
              "title": "ДОМАШНИЕ ЖИВОТНЫЕ",
            },
            Object {
              "div": Object {
                "items": Array [
                  Object {
                    "action": Object {
                      "log_id": "otoplenie-i-ventilyaciya_zJJf3N/1",
                      "url": "https://o.yandex.ru/bitovaya-tehnika/offer/22821449112752128/?from=search_app&utm_campaign=otoplenie-i-ventilyaciya_zJJf3N&utm_content=offer&utm_source=search_app&utm_medium=cpc",
                    },
                    "card_image_url": "https://avatars.mds.yandex.net/get-o-yandex/3766620/db2efed493c0dad9e0454c81c6cadef3/260x346",
                    "name": "горелка газовая",
                    "price": "300 ₽",
                    "type": "generalGalleryItem/b0a776943995ddab00b2400dcf8ed7dd",
                  },
                  Object {
                    "action": Object {
                      "log_id": "otoplenie-i-ventilyaciya_zJJf3N/2",
                      "url": "https://o.yandex.ru/stroitelstvo-i-remont/offer/24012209079443456/?from=search_app&utm_campaign=otoplenie-i-ventilyaciya_zJJf3N&utm_content=offer&utm_source=search_app&utm_medium=cpc",
                    },
                    "card_image_url": "https://avatars.mds.yandex.net/get-o-yandex/3835819/9e107d4b07b33e9dd2503a870c57e122/260x346",
                    "name": "Щит электро обогрева щуэ",
                    "price": "4 500 ₽",
                    "type": "generalGalleryItem/b0a776943995ddab00b2400dcf8ed7dd",
                  },
                  Object {
                    "action": Object {
                      "log_id": "otoplenie-i-ventilyaciya_zJJf3N/3",
                      "url": "https://o.yandex.ru/stroitelstvo-i-remont/offer/22605997103296512/?from=search_app&utm_campaign=otoplenie-i-ventilyaciya_zJJf3N&utm_content=offer&utm_source=search_app&utm_medium=cpc",
                    },
                    "card_image_url": "https://avatars.mds.yandex.net/get-o-yandex/2460630/6775b9a5fff27a9079d7f08628b1c015/260x346",
                    "name": "Радиатор Elegance алюминиевый",
                    "price": "1 000 ₽",
                    "type": "generalGalleryItem/b0a776943995ddab00b2400dcf8ed7dd",
                  },
                  Object {
                    "action": Object {
                      "log_id": "otoplenie-i-ventilyaciya_zJJf3N/4",
                      "url": "https://o.yandex.ru/stroitelstvo-i-remont/offer/23131968275034112/?from=search_app&utm_campaign=otoplenie-i-ventilyaciya_zJJf3N&utm_content=offer&utm_source=search_app&utm_medium=cpc",
                    },
                    "card_image_url": "https://avatars.mds.yandex.net/get-o-yandex/3909167/0a765a62e3a554913a5fa5b1646f3e88/260x346",
                    "name": "Счетчики тепла оптом и в розницу ",
                    "price": "3 000 ₽",
                    "type": "generalGalleryItem/b0a776943995ddab00b2400dcf8ed7dd",
                  },
                  Object {
                    "action": Object {
                      "log_id": "otoplenie-i-ventilyaciya_zJJf3N/5",
                      "url": "https://o.yandex.ru/stroitelstvo-i-remont/offer/23324296798629888/?from=search_app&utm_campaign=otoplenie-i-ventilyaciya_zJJf3N&utm_content=offer&utm_source=search_app&utm_medium=cpc",
                    },
                    "card_image_url": "https://avatars.mds.yandex.net/get-o-yandex/3853061/4ebd43ba6a48bd62b3633ea1315726da/260x346",
                    "name": "Регистр отопления 3-х секционный",
                    "price": "7 100 ₽",
                    "type": "generalGalleryItem/b0a776943995ddab00b2400dcf8ed7dd",
                  },
                  Object {
                    "action": Object {
                      "log_id": "otoplenie-i-ventilyaciya_zJJf3N/6",
                      "url": "https://o.yandex.ru/bitovaya-tehnika/offer/23789426648584192/?from=search_app&utm_campaign=otoplenie-i-ventilyaciya_zJJf3N&utm_content=offer&utm_source=search_app&utm_medium=cpc",
                    },
                    "card_image_url": "https://avatars.mds.yandex.net/get-o-yandex/3617207/aaa9078f8ce33f9dded8d9ce25a804c8/260x346",
                    "name": "Масляный нагреватель",
                    "price": "1 000 ₽",
                    "type": "generalGalleryItem/b0a776943995ddab00b2400dcf8ed7dd",
                  },
                  Object {
                    "action": Object {
                      "log_id": "otoplenie-i-ventilyaciya_zJJf3N/7",
                      "url": "https://o.yandex.ru/stroitelstvo-i-remont/offer/23900182843092992/?from=search_app&utm_campaign=otoplenie-i-ventilyaciya_zJJf3N&utm_content=offer&utm_source=search_app&utm_medium=cpc",
                    },
                    "card_image_url": "https://avatars.mds.yandex.net/get-o-yandex/3797843/bd9b273c0bb38e5b01bb85f6986940c1/260x346",
                    "name": "XL PIPE - теплый пол, электро-водяная система, отопление без котла",
                    "price": "4 859 ₽",
                    "type": "generalGalleryItem/b0a776943995ddab00b2400dcf8ed7dd",
                  },
                  Object {
                    "action": Object {
                      "log_id": "otoplenie-i-ventilyaciya_zJJf3N/8",
                      "url": "https://o.yandex.ru/stroitelstvo-i-remont/offer/23778917508833280/?from=search_app&utm_campaign=otoplenie-i-ventilyaciya_zJJf3N&utm_content=offer&utm_source=search_app&utm_medium=cpc",
                    },
                    "card_image_url": "https://avatars.mds.yandex.net/get-o-yandex/3919482/6ba512d31f804c56a805550e988e260a/260x346",
                    "name": "Кочерга",
                    "price": "200 ₽",
                    "type": "generalGalleryItem/b0a776943995ddab00b2400dcf8ed7dd",
                  },
                  Object {
                    "action": Object {
                      "log_id": "otoplenie-i-ventilyaciya_zJJf3N/9",
                      "url": "https://o.yandex.ru/stroitelstvo-i-remont/offer/23337363873542144/?from=search_app&utm_campaign=otoplenie-i-ventilyaciya_zJJf3N&utm_content=offer&utm_source=search_app&utm_medium=cpc",
                    },
                    "card_image_url": "https://avatars.mds.yandex.net/get-o-yandex/2445077/f939bf7622660c58358896fe38259269/260x346",
                    "name": "Электрокотел Отопитель Электрический РксНит 206 М. ",
                    "price": "4 000 ₽",
                    "type": "generalGalleryItem/b0a776943995ddab00b2400dcf8ed7dd",
                  },
                  Object {
                    "action": Object {
                      "log_id": "otoplenie-i-ventilyaciya_zJJf3N/10",
                      "url": "https://o.yandex.ru/stroitelstvo-i-remont/offer/23045800996708352/?from=search_app&utm_campaign=otoplenie-i-ventilyaciya_zJJf3N&utm_content=offer&utm_source=search_app&utm_medium=cpc",
                    },
                    "card_image_url": "https://avatars.mds.yandex.net/get-o-yandex/3922941/9f6db52fe73eee215e869020ea0898e6/260x346",
                    "name": "Уголь каменный (Орех, Кулак, Крупный) Доставка",
                    "price": "300 ₽",
                    "type": "generalGalleryItem/b0a776943995ddab00b2400dcf8ed7dd",
                  },
                ],
                "paddings": Object {
                  "left": 16,
                  "right": 16,
                },
                "type": "gallery",
              },
              "title": "ОТОПЛЕНИЕ И ВЕНТИЛЯЦИЯ",
            },
            Object {
              "div": Object {
                "items": Array [
                  Object {
                    "action": Object {
                      "log_id": "sadoviy-inventar-i-instrumenti_cT3sJA/1",
                      "url": "https://o.yandex.ru/dacha-sad-i-ogorod/offer/23023522217009152/?from=search_app&utm_campaign=sadoviy-inventar-i-instrumenti_cT3sJA&utm_content=offer&utm_source=search_app&utm_medium=cpc",
                    },
                    "card_image_url": "https://avatars.mds.yandex.net/get-o-yandex/3922941/9f0c3d46f72cb0b3b4d7f8076dea247d/260x346",
                    "name": "Антигололёдный реагент . Галит",
                    "price": "390 ₽",
                    "type": "generalGalleryItem/b0a776943995ddab00b2400dcf8ed7dd",
                  },
                  Object {
                    "action": Object {
                      "log_id": "sadoviy-inventar-i-instrumenti_cT3sJA/2",
                      "url": "https://o.yandex.ru/dacha-sad-i-ogorod/offer/22352508324720640/?from=search_app&utm_campaign=sadoviy-inventar-i-instrumenti_cT3sJA&utm_content=offer&utm_source=search_app&utm_medium=cpc",
                    },
                    "card_image_url": "https://avatars.mds.yandex.net/get-o-yandex/3932382/ed4db327ddbfe59c1f25d07b1e627d37/260x346",
                    "name": "Вывоз мусора .Вывоз строительного мусора .Грузчики .",
                    "price": "1 000 ₽",
                    "type": "generalGalleryItem/b0a776943995ddab00b2400dcf8ed7dd",
                  },
                  Object {
                    "action": Object {
                      "log_id": "sadoviy-inventar-i-instrumenti_cT3sJA/3",
                      "url": "https://o.yandex.ru/stroitelstvo-i-remont/offer/22331921792753664/?from=search_app&utm_campaign=sadoviy-inventar-i-instrumenti_cT3sJA&utm_content=offer&utm_source=search_app&utm_medium=cpc",
                    },
                    "card_image_url": "https://avatars.mds.yandex.net/get-o-yandex/3914012/e657d97660b89987ef50b075427d1fcc/260x346",
                    "name": "Ножовка по дереву 500 мм калёный зуб",
                    "price": "400 ₽",
                    "type": "generalGalleryItem/b0a776943995ddab00b2400dcf8ed7dd",
                  },
                  Object {
                    "action": Object {
                      "log_id": "sadoviy-inventar-i-instrumenti_cT3sJA/4",
                      "url": "https://o.yandex.ru/stroitelstvo-i-remont/offer/22332464332886016/?from=search_app&utm_campaign=sadoviy-inventar-i-instrumenti_cT3sJA&utm_content=offer&utm_source=search_app&utm_medium=cpc",
                    },
                    "card_image_url": "https://avatars.mds.yandex.net/get-o-yandex/3835819/673eefd50c23f4239e08fe8114245f0d/260x346",
                    "name": "Топорик туристический, СССР",
                    "price": "1 999 ₽",
                    "type": "generalGalleryItem/b0a776943995ddab00b2400dcf8ed7dd",
                  },
                  Object {
                    "action": Object {
                      "log_id": "sadoviy-inventar-i-instrumenti_cT3sJA/5",
                      "url": "https://o.yandex.ru/dacha-sad-i-ogorod/offer/23470162464055296/?from=search_app&utm_campaign=sadoviy-inventar-i-instrumenti_cT3sJA&utm_content=offer&utm_source=search_app&utm_medium=cpc",
                    },
                    "card_image_url": "https://avatars.mds.yandex.net/get-o-yandex/3797843/045533231e7438273ab6592555349628/260x346",
                    "name": "Еврокуб черный пищевой, Любимец дачников",
                    "price": "10 000 ₽",
                    "type": "generalGalleryItem/b0a776943995ddab00b2400dcf8ed7dd",
                  },
                  Object {
                    "action": Object {
                      "log_id": "sadoviy-inventar-i-instrumenti_cT3sJA/6",
                      "url": "https://o.yandex.ru/dacha-sad-i-ogorod/offer/23016798648233984/?from=search_app&utm_campaign=sadoviy-inventar-i-instrumenti_cT3sJA&utm_content=offer&utm_source=search_app&utm_medium=cpc",
                    },
                    "card_image_url": "https://avatars.mds.yandex.net/get-o-yandex/3919482/57035b572bd650d71e6f6995aa2dd6af/260x346",
                    "name": "Антигололедный реагент MIX с кальцием",
                    "price": "590 ₽",
                    "type": "generalGalleryItem/b0a776943995ddab00b2400dcf8ed7dd",
                  },
                  Object {
                    "action": Object {
                      "log_id": "sadoviy-inventar-i-instrumenti_cT3sJA/7",
                      "url": "https://o.yandex.ru/dacha-sad-i-ogorod/offer/23803835166187520/?from=search_app&utm_campaign=sadoviy-inventar-i-instrumenti_cT3sJA&utm_content=offer&utm_source=search_app&utm_medium=cpc",
                    },
                    "card_image_url": "https://avatars.mds.yandex.net/get-o-yandex/3316125/2456cd91f7ff80a92e9c686d612c98a7/260x346",
                    "name": "Аренда / Прокат строительного инструмента и оборудования ",
                    "price": "200 ₽",
                    "type": "generalGalleryItem/b0a776943995ddab00b2400dcf8ed7dd",
                  },
                  Object {
                    "action": Object {
                      "log_id": "sadoviy-inventar-i-instrumenti_cT3sJA/8",
                      "url": "https://o.yandex.ru/dacha-sad-i-ogorod/offer/23007512733978624/?from=search_app&utm_campaign=sadoviy-inventar-i-instrumenti_cT3sJA&utm_content=offer&utm_source=search_app&utm_medium=cpc",
                    },
                    "card_image_url": "https://avatars.mds.yandex.net/get-o-yandex/3916340/ccde99fef9d8fd1b9e7760c1dc5cbb4c/260x346",
                    "name": "Антигололедный реагент с бишофитом",
                    "price": "690 ₽",
                    "type": "generalGalleryItem/b0a776943995ddab00b2400dcf8ed7dd",
                  },
                  Object {
                    "action": Object {
                      "log_id": "sadoviy-inventar-i-instrumenti_cT3sJA/9",
                      "url": "https://o.yandex.ru/stroitelstvo-i-remont/offer/24177851135565824/?from=search_app&utm_campaign=sadoviy-inventar-i-instrumenti_cT3sJA&utm_content=offer&utm_source=search_app&utm_medium=cpc",
                    },
                    "card_image_url": "https://avatars.mds.yandex.net/get-o-yandex/3797843/b4ba98134d1c0b30f4339695c7b27f48/260x346",
                    "name": "Jet JSMS-12L торцовочно-усовочная пила",
                    "price": "17 000 ₽",
                    "type": "generalGalleryItem/b0a776943995ddab00b2400dcf8ed7dd",
                  },
                  Object {
                    "action": Object {
                      "log_id": "sadoviy-inventar-i-instrumenti_cT3sJA/10",
                      "url": "https://o.yandex.ru/dacha-sad-i-ogorod/offer/23802564382380032/?from=search_app&utm_campaign=sadoviy-inventar-i-instrumenti_cT3sJA&utm_content=offer&utm_source=search_app&utm_medium=cpc",
                    },
                    "card_image_url": "https://avatars.mds.yandex.net/get-o-yandex/3891584/e52d97fce4962d3ca6acee75be18544b/260x346",
                    "name": "Движок 750х400, алюминий (толщина 1,5 мм)",
                    "price": "1 100 ₽",
                    "type": "generalGalleryItem/b0a776943995ddab00b2400dcf8ed7dd",
                  },
                ],
                "paddings": Object {
                  "left": 16,
                  "right": 16,
                },
                "type": "gallery",
              },
              "title": "САДОВЫЙ ИНВЕНТАРЬ И ИНСТРУМЕНТЫ",
            },
            Object {
              "div": Object {
                "items": Array [
                  Object {
                    "action": Object {
                      "log_id": "vodosnabzhenie_cjOaiX/1",
                      "url": "https://o.yandex.ru/stroitelstvo-i-remont/offer/23076998939099136/?from=search_app&utm_campaign=vodosnabzhenie_cjOaiX&utm_content=offer&utm_source=search_app&utm_medium=cpc",
                    },
                    "card_image_url": "https://avatars.mds.yandex.net/get-o-yandex/3922941/df0f989e933dee00113fd2fab293f0fb/260x346",
                    "name": "Бочки пластиковые 220л с крышкой и хомутом",
                    "price": "1 400 ₽",
                    "type": "generalGalleryItem/b0a776943995ddab00b2400dcf8ed7dd",
                  },
                  Object {
                    "action": Object {
                      "log_id": "vodosnabzhenie_cjOaiX/2",
                      "url": "https://o.yandex.ru/stroitelstvo-i-remont/offer/23341335176105984/?from=search_app&utm_campaign=vodosnabzhenie_cjOaiX&utm_content=offer&utm_source=search_app&utm_medium=cpc",
                    },
                    "card_image_url": "https://avatars.mds.yandex.net/get-o-yandex/3826638/5e0f024766e45215b8eb165bd4f84b66/260x346",
                    "name": "Насос Grundfos UPS 25-40. 180. Дания",
                    "price": "2 000 ₽",
                    "type": "generalGalleryItem/b0a776943995ddab00b2400dcf8ed7dd",
                  },
                  Object {
                    "action": Object {
                      "log_id": "vodosnabzhenie_cjOaiX/3",
                      "url": "https://o.yandex.ru/stroitelstvo-i-remont/offer/23800741901496320/?from=search_app&utm_campaign=vodosnabzhenie_cjOaiX&utm_content=offer&utm_source=search_app&utm_medium=cpc",
                    },
                    "card_image_url": "https://avatars.mds.yandex.net/get-o-yandex/3797843/885742ea4b1fb6122c34126f020effc2/260x346",
                    "name": "Еврокуб, подставка.",
                    "price": "5 999 ₽",
                    "type": "generalGalleryItem/b0a776943995ddab00b2400dcf8ed7dd",
                  },
                  Object {
                    "action": Object {
                      "log_id": "vodosnabzhenie_cjOaiX/4",
                      "url": "https://o.yandex.ru/stroitelstvo-i-remont/offer/22999159914188800/?from=search_app&utm_campaign=vodosnabzhenie_cjOaiX&utm_content=offer&utm_source=search_app&utm_medium=cpc",
                    },
                    "card_image_url": "https://avatars.mds.yandex.net/get-o-yandex/3797875/fd5ff1d18844080ab38e37cfe2890cf6/260x346",
                    "name": "Еврокубы",
                    "price": "5 500 ₽",
                    "type": "generalGalleryItem/b0a776943995ddab00b2400dcf8ed7dd",
                  },
                  Object {
                    "action": Object {
                      "log_id": "vodosnabzhenie_cjOaiX/5",
                      "url": "https://o.yandex.ru/stroitelstvo-i-remont/offer/23075142935142400/?from=search_app&utm_campaign=vodosnabzhenie_cjOaiX&utm_content=offer&utm_source=search_app&utm_medium=cpc",
                    },
                    "card_image_url": "https://avatars.mds.yandex.net/get-o-yandex/3919482/86763657460a92a8269611b2064ef317/260x346",
                    "name": "Бочки 30 литровые пластиковые пищевые",
                    "price": "300 ₽",
                    "type": "generalGalleryItem/b0a776943995ddab00b2400dcf8ed7dd",
                  },
                  Object {
                    "action": Object {
                      "log_id": "vodosnabzhenie_cjOaiX/6",
                      "url": "https://o.yandex.ru/stroitelstvo-i-remont/offer/23875622382940160/?from=search_app&utm_campaign=vodosnabzhenie_cjOaiX&utm_content=offer&utm_source=search_app&utm_medium=cpc",
                    },
                    "card_image_url": "https://avatars.mds.yandex.net/get-o-yandex/3617207/c1e6e2019d21edad738830f65dd6a2fd/260x346",
                    "name": "Прочистная машина Rioned Master",
                    "price": "175 000 ₽",
                    "type": "generalGalleryItem/b0a776943995ddab00b2400dcf8ed7dd",
                  },
                  Object {
                    "action": Object {
                      "log_id": "vodosnabzhenie_cjOaiX/7",
                      "url": "https://o.yandex.ru/stroitelstvo-i-remont/offer/23874812550438912/?from=search_app&utm_campaign=vodosnabzhenie_cjOaiX&utm_content=offer&utm_source=search_app&utm_medium=cpc",
                    },
                    "card_image_url": "https://avatars.mds.yandex.net/get-o-yandex/3797875/eb04e3b3a6e84a150be2a44658a1f61d/260x346",
                    "name": "Прочистная машина Rioned Allround+",
                    "price": "120 000 ₽",
                    "type": "generalGalleryItem/b0a776943995ddab00b2400dcf8ed7dd",
                  },
                  Object {
                    "action": Object {
                      "log_id": "vodosnabzhenie_cjOaiX/8",
                      "url": "https://o.yandex.ru/stroitelstvo-i-remont/offer/22444829105233920/?from=search_app&utm_campaign=vodosnabzhenie_cjOaiX&utm_content=offer&utm_source=search_app&utm_medium=cpc",
                    },
                    "card_image_url": "https://avatars.mds.yandex.net/get-o-yandex/3753655/9f85d2f7d422c96ce85fa29605d96eb2/260x346",
                    "name": "Обслуживание септика, чистка, ремонт",
                    "price": "3 999 ₽",
                    "type": "generalGalleryItem/b0a776943995ddab00b2400dcf8ed7dd",
                  },
                  Object {
                    "action": Object {
                      "log_id": "vodosnabzhenie_cjOaiX/9",
                      "url": "https://o.yandex.ru/stroitelstvo-i-remont/offer/23457924689027072/?from=search_app&utm_campaign=vodosnabzhenie_cjOaiX&utm_content=offer&utm_source=search_app&utm_medium=cpc",
                    },
                    "card_image_url": "https://avatars.mds.yandex.net/get-o-yandex/2445077/478e2b98d76612d37ecae99759d080d9/260x346",
                    "name": " Видеокамера SAMSUNG SCC-B2305P",
                    "price": "1 000 ₽",
                    "type": "generalGalleryItem/b0a776943995ddab00b2400dcf8ed7dd",
                  },
                  Object {
                    "action": Object {
                      "log_id": "vodosnabzhenie_cjOaiX/10",
                      "url": "https://o.yandex.ru/bitovaya-tehnika/offer/24060843375583232/?from=search_app&utm_campaign=vodosnabzhenie_cjOaiX&utm_content=offer&utm_source=search_app&utm_medium=cpc",
                    },
                    "card_image_url": "https://avatars.mds.yandex.net/get-o-yandex/3853061/6f96ba185cb1d48a909754233e9ebfbb/260x346",
                    "name": "Водонагреватель для дачи из нержавеющей стали 15, 20 литров.",
                    "price": "2 200 ₽",
                    "type": "generalGalleryItem/b0a776943995ddab00b2400dcf8ed7dd",
                  },
                ],
                "paddings": Object {
                  "left": 16,
                  "right": 16,
                },
                "type": "gallery",
              },
              "title": "ВОДОСНАБЖЕНИЕ",
            },
            Object {
              "div": Object {
                "items": Array [
                  Object {
                    "action": Object {
                      "log_id": "santehnika_7OCtVU/1",
                      "url": "https://o.yandex.ru/stroitelstvo-i-remont/offer/23490495811801088/?from=search_app&utm_campaign=santehnika_7OCtVU&utm_content=offer&utm_source=search_app&utm_medium=cpc",
                    },
                    "card_image_url": "https://avatars.mds.yandex.net/get-o-yandex/3797843/b23054adee4e4e688ae604ef94dbf0dd/260x346",
                    "name": "кухонная мойка нержавейка",
                    "price": "4 000 ₽",
                    "type": "generalGalleryItem/b0a776943995ddab00b2400dcf8ed7dd",
                  },
                  Object {
                    "action": Object {
                      "log_id": "santehnika_7OCtVU/2",
                      "url": "https://o.yandex.ru/stroitelstvo-i-remont/offer/23357854388588544/?from=search_app&utm_campaign=santehnika_7OCtVU&utm_content=offer&utm_source=search_app&utm_medium=cpc",
                    },
                    "card_image_url": "https://avatars.mds.yandex.net/get-o-yandex/3835819/75d3ec31d3158a3fa340fcc176f73766/260x346",
                    "name": "Ванна",
                    "price": "3 000 ₽",
                    "type": "generalGalleryItem/b0a776943995ddab00b2400dcf8ed7dd",
                  },
                  Object {
                    "action": Object {
                      "log_id": "santehnika_7OCtVU/3",
                      "url": "https://o.yandex.ru/stroitelstvo-i-remont/offer/22648155377487872/?from=search_app&utm_campaign=santehnika_7OCtVU&utm_content=offer&utm_source=search_app&utm_medium=cpc",
                    },
                    "card_image_url": "https://avatars.mds.yandex.net/get-o-yandex/2445077/1d0f7ac53465d246f10d42cd4d8a4baf/260x346",
                    "name": "Смесители Noken ( Испания)  для раковины, биде",
                    "price": "3 000 ₽",
                    "type": "generalGalleryItem/b0a776943995ddab00b2400dcf8ed7dd",
                  },
                  Object {
                    "action": Object {
                      "log_id": "santehnika_7OCtVU/4",
                      "url": "https://o.yandex.ru/stroitelstvo-i-remont/offer/22415900193579008/?from=search_app&utm_campaign=santehnika_7OCtVU&utm_content=offer&utm_source=search_app&utm_medium=cpc",
                    },
                    "card_image_url": "https://avatars.mds.yandex.net/get-o-yandex/3853061/63b5aa95c2c195eb5d287fc4d90610e0/260x346",
                    "name": "смеситель для ванной комнаты Nicolazzi",
                    "price": "800 ₽",
                    "type": "generalGalleryItem/b0a776943995ddab00b2400dcf8ed7dd",
                  },
                  Object {
                    "action": Object {
                      "log_id": "santehnika_7OCtVU/5",
                      "url": "https://o.yandex.ru/stroitelstvo-i-remont/offer/22599714349314048/?from=search_app&utm_campaign=santehnika_7OCtVU&utm_content=offer&utm_source=search_app&utm_medium=cpc",
                    },
                    "card_image_url": "https://avatars.mds.yandex.net/get-o-yandex/3843820/250fe8784aa124989b7030527722fdb6/260x346",
                    "name": "Кухонная мойка врезная 60Х50 fabia profi (3.0Х200) медь",
                    "price": "7 478 ₽",
                    "type": "generalGalleryItem/b0a776943995ddab00b2400dcf8ed7dd",
                  },
                  Object {
                    "action": Object {
                      "log_id": "santehnika_7OCtVU/6",
                      "url": "https://o.yandex.ru/stroitelstvo-i-remont/offer/23255477170601984/?from=search_app&utm_campaign=santehnika_7OCtVU&utm_content=offer&utm_source=search_app&utm_medium=cpc",
                    },
                    "card_image_url": "https://avatars.mds.yandex.net/get-o-yandex/3844271/8fcf4385fd798fe2ae9ac1f2a000fbe8/260x346",
                    "name": "Установка унитаза вызвать сантехника для монтажа",
                    "price": "999 ₽",
                    "type": "generalGalleryItem/b0a776943995ddab00b2400dcf8ed7dd",
                  },
                  Object {
                    "action": Object {
                      "log_id": "santehnika_7OCtVU/7",
                      "url": "https://o.yandex.ru/stroitelstvo-i-remont/offer/22668281590673408/?from=search_app&utm_campaign=santehnika_7OCtVU&utm_content=offer&utm_source=search_app&utm_medium=cpc",
                    },
                    "card_image_url": "https://avatars.mds.yandex.net/get-o-yandex/3797875/fbf65c05dac04caf0d197f27533452f3/260x346",
                    "name": "Картриджи для душевой кабины",
                    "price": "500 ₽",
                    "type": "generalGalleryItem/b0a776943995ddab00b2400dcf8ed7dd",
                  },
                  Object {
                    "action": Object {
                      "log_id": "santehnika_7OCtVU/8",
                      "url": "https://o.yandex.ru/stroitelstvo-i-remont/offer/22666789470801920/?from=search_app&utm_campaign=santehnika_7OCtVU&utm_content=offer&utm_source=search_app&utm_medium=cpc",
                    },
                    "card_image_url": "https://avatars.mds.yandex.net/get-o-yandex/3914012/281bccfa28f34018342349b71ef2ae47/260x346",
                    "name": "Смесители для душевой кабины на 2-3-4-5 режимов",
                    "price": "3 150 ₽",
                    "type": "generalGalleryItem/b0a776943995ddab00b2400dcf8ed7dd",
                  },
                  Object {
                    "action": Object {
                      "log_id": "santehnika_7OCtVU/9",
                      "url": "https://o.yandex.ru/stroitelstvo-i-remont/offer/23322283980718080/?from=search_app&utm_campaign=santehnika_7OCtVU&utm_content=offer&utm_source=search_app&utm_medium=cpc",
                    },
                    "card_image_url": "https://avatars.mds.yandex.net/get-o-yandex/3835819/fda49bfa9135f858936f424e354c96e9/260x346",
                    "name": "Покрытия для влажных помещений Soft Step",
                    "price": "1 350 ₽",
                    "type": "generalGalleryItem/b0a776943995ddab00b2400dcf8ed7dd",
                  },
                  Object {
                    "action": Object {
                      "log_id": "santehnika_7OCtVU/10",
                      "url": "https://o.yandex.ru/stroitelstvo-i-remont/offer/22663871225491456/?from=search_app&utm_campaign=santehnika_7OCtVU&utm_content=offer&utm_source=search_app&utm_medium=cpc",
                    },
                    "card_image_url": "https://avatars.mds.yandex.net/get-o-yandex/3909167/f40baeab9d77e5ae1db8093241753709/260x346",
                    "name": "Ванна акриловая Amata (Polla) 170*75",
                    "price": "15 000 ₽",
                    "type": "generalGalleryItem/b0a776943995ddab00b2400dcf8ed7dd",
                  },
                ],
                "paddings": Object {
                  "left": 16,
                  "right": 16,
                },
                "type": "gallery",
              },
              "title": "САНТЕХНИКА",
            },
          ],
          "footer_text": "Разместить объявление",
          "letterSpacing": 0.5,
          "title_block": Array [
            Object {
              "cardUrl": "https://o.yandex.ru/?from=search_app&utm_campaign=link&utm_content=offer&utm_source=search_app&utm_medium=cpc",
              "hideCardText": "Скрыть карточку",
              "hideCardUrl": "hidecard://?topic_card_ids=general_div2_card&undo_snackbar_text=%D0%92%D1%8B%20%D1%81%D0%BA%D1%80%D1%8B%D0%BB%D0%B8%20%D0%BA%D0%B0%D1%80%D1%82%D0%BE%D1%87%D0%BA%D1%83",
              "settingsText": "Настройки ленты",
              "title": "Объявления",
              "type": "commonCardHeader/01a2c85c12043e0c657fcecfc911496b",
            },
          ],
          "type": "general_card/09d2b925f9c06c9b3d30a5a4184408ca",
        },
        "state_id": 1,
      },
    ],
  },
  "id": "general_div2",
  "topic": "general_div2_card",
  "ttl": 300,
  "ttv": 1200,
  "type": "div2",
  "utime": 1,
}
`;

exports[`req`] = `
Object {
  "options": Object {
    "headers": Object {
      "x-general-exp-flags": "stream_channel_navigation_v2,translator_api,login_touch_new,assist_divcard_ios,tv_online_personalized,stream_chats,news_sb_app,app_blender_exp3_v2,stream_personal,stream_new_branding,got2019_drm,yandex_internal_test,stream_feed,weather_sb_app,report_visibility_check_inline,stream_card_new_time,app_blender_new_formula_dynamic,stream_picture,points_ios,stream_likes,etrains_div2,stream_touch_unlink_header,tutor_touch,staff_new,splash_promo_touch,touch_smooth_scroll_metric,stream_category_series_kids,stream_disable_personal,app_iphone_webcard_assist,sport_div_card,stream_video_preview_touch,stream_watching_touch,extracted_points_edadeal,extracted_points_route,sputnik_nowcast,stream_channels_carousels_on_backend,stream_user_rating,stream_promo_category,inserts_stream_mixed,client_logger,yandex_staff,ugc,stream_non_stop_plug,no_safeclick,light,stream_comment,stream_publisher,stream_skippable_fragments,app_blender_exp3_v2_rus,front_apphost,yastatic_check_ru_touch,gh_rtx_exp_searchapp",
      "x-yandexuid": "5589342201582727680",
    },
    "retries": 1,
    "timeout": 400,
  },
  "url": Object {
    "hostname": "search-app.o.yandex.ru",
    "pathname": "/api/div/data/",
    "protocol": "https",
    "query": Object {
      "geo_id": "2",
      "platform": "searchapp",
    },
  },
}
`;
