// Jest Snapshot v1, https://goo.gl/fbAQLP

exports[`card`] = `
Object {
  "data": Object {
    "log_id": "recommended_users_mssngr_div2",
    "states": Array [
      Object {
        "div": Object {
          "items": Array [
            Object {
              "items": Array [
                Object {
                  "action": Object {
                    "log_id": "title",
                    "url": "messenger://chat/list",
                  },
                  "icon": "https://yastatic.net/s3/home/div/icons/recommended_users_mssngr_div2.3.png",
                  "type": "ghRedesignBlockIcon/db4b6c14e34fb2a37b4c2c693fd8575c",
                },
                Object {
                  "action": Object {
                    "log_id": "title",
                    "url": "messenger://chat/list",
                  },
                  "subtitle": "Пообщайтесь с близкими",
                  "title": "Мессенджер",
                  "type": "ghRedesignBlockTitle/0718eee352892027d6da7443761d901a",
                },
                Object {
                  "hideCardText": "Скрыть карточку",
                  "hideCardUrl": "hidecard://?topic_card_ids=recommended_users_mssngr_div2_card&undo_snackbar_text=%D0%92%D1%8B%20%D1%81%D0%BA%D1%80%D1%8B%D0%BB%D0%B8%20%D0%BA%D0%B0%D1%80%D1%82%D0%BE%D1%87%D0%BA%D1%83",
                  "settingsText": "Настройки ленты",
                  "type": "ghRedesignBlockMenu/e3a3f829134528338515b3dc3c6de259",
                },
              ],
              "type": "ghRedesignBlockHead3/6a95f9360084cdb7c6ab0ec075d02e21",
            },
            Object {
              "galleryItems": Array [
                Object {
                  "mssngrActionItem": Object {
                    "log_id": "user/messenger://chat/list",
                    "log_url": "messenger://chat/list",
                    "url": "https://renderer-chat-dev.hamster.yandex.ru/chat?build=yamb&config=development#/user/64b15156-0f58-863c-d311-eacc5d24ab50",
                  },
                  "mssngrGalleryItems": Array [
                    Object {
                      "mssngrAvatarContent": Array [
                        Object {
                          "mssngrImage": "https://avatars.mds.yandex.net/get-yapic/0/0-0/islands-300",
                          "type": "mssngrAvatarImage/8b8e6b3fd35a484ea16d489cb1fd3c08",
                        },
                        Object {
                          "type": "mssgrStatusOnlineBlock/6848d41500450bac18fa592086e50611",
                        },
                      ],
                      "type": "mssngrAvatarBlock/978e3836ba58bf1cc832fda70930e0f5",
                    },
                    Object {
                      "mssngrButtonText": "Написать",
                      "mssngrName": "Def-Имя-autotests D111.",
                      "mssngrStatus": "В сети",
                      "mssngrStatusColor": "#00A8A8",
                      "type": "mssngrInfoBlock/b78f66f3fdd715b81e81df1cca029568",
                    },
                  ],
                  "mssngrVisibilityActionItem": Object {
                    "log_id": "user/",
                    "url": "",
                  },
                  "type": "mssgrUsersGalleryItem/6c6f251571086db8be5c8e5920063154",
                },
                Object {
                  "mssngrActionItem": Object {
                    "log_id": "user/",
                    "log_url": "",
                    "url": "https://renderer-chat-dev.hamster.yandex.ru/chat?build=yamb&config=development#/user/8c3c510f-c537-d796-50b8-926f2fc319c7",
                  },
                  "mssngrGalleryItems": Array [
                    Object {
                      "mssngrAvatarContent": Array [
                        Object {
                          "mssngrImage": "https://avatars.mds.yandex.net/get-yapic/0/0-0/islands-300",
                          "type": "mssngrAvatarImage/8b8e6b3fd35a484ea16d489cb1fd3c08",
                        },
                        Object {
                          "type": "mssgrStatusOnlineBlock/6848d41500450bac18fa592086e50611",
                        },
                      ],
                      "type": "mssngrAvatarBlock/978e3836ba58bf1cc832fda70930e0f5",
                    },
                    Object {
                      "mssngrButtonText": "Поболтать",
                      "mssngrName": "Def-Имя-autotests D2.",
                      "mssngrStatus": "В сети",
                      "mssngrStatusColor": "#00A8A8",
                      "type": "mssngrInfoBlock/b78f66f3fdd715b81e81df1cca029568",
                    },
                  ],
                  "mssngrVisibilityActionItem": Object {
                    "log_id": "user/",
                    "url": "",
                  },
                  "type": "mssgrUsersGalleryItem/6c6f251571086db8be5c8e5920063154",
                },
                Object {
                  "mssngrActionItem": Object {
                    "log_id": "user/",
                    "log_url": "",
                    "url": "https://renderer-chat-dev.hamster.yandex.ru/chat?build=yamb&config=development#/user/279d0000-1d46-91fe-47e3-ed5da51e4c3f",
                  },
                  "mssngrGalleryItems": Array [
                    Object {
                      "mssngrAvatarContent": Array [
                        Object {
                          "mssngrImage": "https://avatars.mds.yandex.net/get-yapic/0/0-0/islands-300",
                          "type": "mssngrAvatarImage/8b8e6b3fd35a484ea16d489cb1fd3c08",
                        },
                        Object {
                          "type": "mssgrStatusOnlineBlock/6848d41500450bac18fa592086e50611",
                        },
                      ],
                      "type": "mssngrAvatarBlock/978e3836ba58bf1cc832fda70930e0f5",
                    },
                    Object {
                      "mssngrButtonText": "Поговорить",
                      "mssngrName": "Def-Имя-autotests D.",
                      "mssngrStatus": "В сети",
                      "mssngrStatusColor": "#00A8A8",
                      "type": "mssngrInfoBlock/b78f66f3fdd715b81e81df1cca029568",
                    },
                  ],
                  "mssngrVisibilityActionItem": Object {
                    "log_id": "user/",
                    "url": "",
                  },
                  "type": "mssgrUsersGalleryItem/6c6f251571086db8be5c8e5920063154",
                },
                Object {
                  "mssngrActionItem": Object {
                    "log_id": "user/",
                    "log_url": "",
                    "url": "https://renderer-chat-dev.hamster.yandex.ru/chat?build=yamb&config=development#/user/5f7834fc-d0de-d6f8-b2c9-f53386b1cd5c",
                  },
                  "mssngrGalleryItems": Array [
                    Object {
                      "mssngrAvatarContent": Array [
                        Object {
                          "mssngrImage": "https://avatars.mds.yandex.net/get-yapic/0/0-0/islands-300",
                          "type": "mssngrAvatarImage/8b8e6b3fd35a484ea16d489cb1fd3c08",
                        },
                        Object {
                          "type": "mssgrStatusOnlineBlock/6848d41500450bac18fa592086e50611",
                        },
                      ],
                      "type": "mssngrAvatarBlock/978e3836ba58bf1cc832fda70930e0f5",
                    },
                    Object {
                      "mssngrButtonText": "Обсудить",
                      "mssngrName": "Def-Имя-autotests D.",
                      "mssngrStatus": "В сети",
                      "mssngrStatusColor": "#00A8A8",
                      "type": "mssngrInfoBlock/b78f66f3fdd715b81e81df1cca029568",
                    },
                  ],
                  "mssngrVisibilityActionItem": Object {
                    "log_id": "user/",
                    "url": "",
                  },
                  "type": "mssgrUsersGalleryItem/6c6f251571086db8be5c8e5920063154",
                },
                Object {
                  "mssngrActionItem": Object {
                    "log_id": "user/",
                    "log_url": "",
                    "url": "https://renderer-chat-dev.hamster.yandex.ru/chat?build=yamb&config=development#/user/8d800900-e793-969f-7b95-0a93478d4dc1",
                  },
                  "mssngrGalleryItems": Array [
                    Object {
                      "mssngrAvatarContent": Array [
                        Object {
                          "mssngrImage": "https://avatars.mds.yandex.net/get-yapic/0/0-0/islands-300",
                          "type": "mssngrAvatarImage/8b8e6b3fd35a484ea16d489cb1fd3c08",
                        },
                        Object {
                          "type": "mssgrStatusOnlineBlock/6848d41500450bac18fa592086e50611",
                        },
                      ],
                      "type": "mssngrAvatarBlock/978e3836ba58bf1cc832fda70930e0f5",
                    },
                    Object {
                      "mssngrButtonText": "Написать",
                      "mssngrName": "Def-Имя-autotests D.",
                      "mssngrStatus": "В сети",
                      "mssngrStatusColor": "#00A8A8",
                      "type": "mssngrInfoBlock/b78f66f3fdd715b81e81df1cca029568",
                    },
                  ],
                  "mssngrVisibilityActionItem": Object {
                    "log_id": "user/",
                    "url": "",
                  },
                  "type": "mssgrUsersGalleryItem/6c6f251571086db8be5c8e5920063154",
                },
                Object {
                  "mssngrActionItem": Object {
                    "log_id": "user/",
                    "log_url": "",
                    "url": "https://renderer-chat-dev.hamster.yandex.ru/chat?build=yamb&config=development#/user/279d0000-1d46-91fe-47e3-ed5da51e4c3f",
                  },
                  "mssngrGalleryItems": Array [
                    Object {
                      "mssngrAvatarContent": Array [
                        Object {
                          "mssngrImage": "https://avatars.mds.yandex.net/get-yapic/0/0-0/islands-300",
                          "type": "mssngrAvatarImage/8b8e6b3fd35a484ea16d489cb1fd3c08",
                        },
                        Object {
                          "type": "mssgrStatusOnlineBlock/6848d41500450bac18fa592086e50611",
                        },
                      ],
                      "type": "mssngrAvatarBlock/978e3836ba58bf1cc832fda70930e0f5",
                    },
                    Object {
                      "mssngrButtonText": "Поболтать",
                      "mssngrName": "Def-Имя-autotests D.",
                      "mssngrStatus": "В сети",
                      "mssngrStatusColor": "#00A8A8",
                      "type": "mssngrInfoBlock/b78f66f3fdd715b81e81df1cca029568",
                    },
                  ],
                  "mssngrVisibilityActionItem": Object {
                    "log_id": "user/",
                    "url": "",
                  },
                  "type": "mssgrUsersGalleryItem/6c6f251571086db8be5c8e5920063154",
                },
                Object {
                  "mssngrActionItem": Object {
                    "log_id": "user/",
                    "log_url": "",
                    "url": "https://renderer-chat-dev.hamster.yandex.ru/chat?build=yamb&config=development#/user/5f7834fc-d0de-d6f8-b2c9-f53386b1cd5c",
                  },
                  "mssngrGalleryItems": Array [
                    Object {
                      "mssngrAvatarContent": Array [
                        Object {
                          "mssngrImage": "https://avatars.mds.yandex.net/get-yapic/0/0-0/islands-300",
                          "type": "mssngrAvatarImage/8b8e6b3fd35a484ea16d489cb1fd3c08",
                        },
                        Object {
                          "type": "mssgrStatusOnlineBlock/6848d41500450bac18fa592086e50611",
                        },
                      ],
                      "type": "mssngrAvatarBlock/978e3836ba58bf1cc832fda70930e0f5",
                    },
                    Object {
                      "mssngrButtonText": "Поговорить",
                      "mssngrName": "Def-Имя-sec.",
                      "mssngrStatus": "В сети",
                      "mssngrStatusColor": "#00A8A8",
                      "type": "mssngrInfoBlock/b78f66f3fdd715b81e81df1cca029568",
                    },
                  ],
                  "mssngrVisibilityActionItem": Object {
                    "log_id": "user/",
                    "url": "",
                  },
                  "type": "mssgrUsersGalleryItem/6c6f251571086db8be5c8e5920063154",
                },
                Object {
                  "mssngrActionItem": Object {
                    "log_id": "user/",
                    "log_url": "",
                    "url": "https://renderer-chat-dev.hamster.yandex.ru/chat?build=yamb&config=development#/user/8d800900-e793-969f-7b95-0a93478d4dc1",
                  },
                  "mssngrGalleryItems": Array [
                    Object {
                      "mssngrAvatarContent": Array [
                        Object {
                          "mssngrImage": "https://avatars.mds.yandex.net/get-yapic/0/0-0/islands-300",
                          "type": "mssngrAvatarImage/8b8e6b3fd35a484ea16d489cb1fd3c08",
                        },
                        Object {
                          "type": "mssgrStatusOnlineBlock/6848d41500450bac18fa592086e50611",
                        },
                      ],
                      "type": "mssngrAvatarBlock/978e3836ba58bf1cc832fda70930e0f5",
                    },
                    Object {
                      "mssngrButtonText": "Обсудить",
                      "mssngrName": "Def-Имя-year",
                      "mssngrStatus": "В сети",
                      "mssngrStatusColor": "#00A8A8",
                      "type": "mssngrInfoBlock/b78f66f3fdd715b81e81df1cca029568",
                    },
                  ],
                  "mssngrVisibilityActionItem": Object {
                    "log_id": "user/",
                    "url": "",
                  },
                  "type": "mssgrUsersGalleryItem/6c6f251571086db8be5c8e5920063154",
                },
                Object {
                  "mssngrActionItem": Object {
                    "log_id": "user/",
                    "log_url": "",
                    "url": "https://renderer-chat-dev.hamster.yandex.ru/chat?build=yamb&config=development#/user/5f7834fc-d0de-d6f8-b2c9-f53386b1cd5c",
                  },
                  "mssngrGalleryItems": Array [
                    Object {
                      "mssngrAvatarContent": Array [
                        Object {
                          "mssngrImage": "https://avatars.mds.yandex.net/get-yapic/0/0-0/islands-300",
                          "type": "mssngrAvatarImage/8b8e6b3fd35a484ea16d489cb1fd3c08",
                        },
                        Object {
                          "type": "mssgrStatusOnlineBlock/6848d41500450bac18fa592086e50611",
                        },
                      ],
                      "type": "mssngrAvatarBlock/978e3836ba58bf1cc832fda70930e0f5",
                    },
                    Object {
                      "mssngrButtonText": "Написать",
                      "mssngrName": "Def-Имя-autotests D.",
                      "mssngrStatus": "В сети",
                      "mssngrStatusColor": "#00A8A8",
                      "type": "mssngrInfoBlock/b78f66f3fdd715b81e81df1cca029568",
                    },
                  ],
                  "mssngrVisibilityActionItem": Object {
                    "log_id": "user/",
                    "url": "",
                  },
                  "type": "mssgrUsersGalleryItem/6c6f251571086db8be5c8e5920063154",
                },
                Object {
                  "mssngrActionItem": Object {
                    "log_id": "user/",
                    "log_url": "",
                    "url": "https://renderer-chat-dev.hamster.yandex.ru/chat?build=yamb&config=development#/user/8d800900-e793-969f-7b95-0a93478d4dc1",
                  },
                  "mssngrGalleryItems": Array [
                    Object {
                      "mssngrAvatarContent": Array [
                        Object {
                          "mssngrImage": "https://avatars.mds.yandex.net/get-yapic/0/0-0/islands-300",
                          "type": "mssngrAvatarImage/8b8e6b3fd35a484ea16d489cb1fd3c08",
                        },
                        Object {
                          "type": "mssgrStatusOnlineBlock/6848d41500450bac18fa592086e50611",
                        },
                      ],
                      "type": "mssngrAvatarBlock/978e3836ba58bf1cc832fda70930e0f5",
                    },
                    Object {
                      "mssngrButtonText": "Поболтать",
                      "mssngrName": "Def-Имя-autotests D.",
                      "mssngrStatus": "В сети",
                      "mssngrStatusColor": "#00A8A8",
                      "type": "mssngrInfoBlock/b78f66f3fdd715b81e81df1cca029568",
                    },
                  ],
                  "mssngrVisibilityActionItem": Object {
                    "log_id": "user/",
                    "url": "",
                  },
                  "type": "mssgrUsersGalleryItem/6c6f251571086db8be5c8e5920063154",
                },
              ],
              "type": "ghRedesignGallery/38e419ce70d082f43908ad942bb72e09",
            },
            Object {
              "footerText": "Открыть сообщения",
              "footerUrl": "messenger://chat/list",
              "type": "ghRedesignBlockFooter/06a84ba343879c72bb7b276ac75c826f",
            },
          ],
          "type": "ghRedesignBlock/b115580746095068034c93814502406b",
          "visibility_action": Object {
            "log_id": "view_block/https://yandex.ru/test",
            "url": "https://yandex.ru/test",
          },
        },
        "state_id": 1,
      },
    ],
  },
  "id": "recommended_users_mssngr_div2",
  "topic": "recommended_users_mssngr_div2_card",
  "ttl": 300,
  "ttv": 300,
  "type": "div2",
  "utime": 1,
}
`;

exports[`req`] = `
Object {
  "options": Object {
    "retries": 1,
    "timeout": 300,
  },
  "url": "https://messenger-internal.alpha.yandex.net/meta_api/get_recommended_users?format=morda_pp&sort=morda_pp",
}
`;
