// Jest Snapshot v1, https://goo.gl/fbAQLP

exports[`card`] = `
Object {
  "data": Object {
    "log_id": "self_goods",
    "states": Array [
      Object {
        "div": Object {
          "background": Array [
            Object {
              "color": "#FFF",
              "type": "solid",
            },
          ],
          "product_items": Array [
            Object {
              "buy_text": "Купить",
              "market": "www.citilink.ru",
              "market_img": "https://favicon.yandex.net/favicon/v2/www.citilink.ru?size=32&stub=1",
              "price": "22030 ₽",
              "product_img": "https://avatars.mds.yandex.net/get-pdb/2796844/6bca9bc6-d751-44ad-9eab-bb9a875db1c1/2x",
              "product_log_id": "5f806286f21fc0e30ba01bb9",
              "product_log_url": "https://yandex.ru/collections/card/5f806286f21fc0e30ba01bb9/",
              "product_url": "https://www.citilink.ru/catalog/furniture/kozhgalantereja/sumki/1183036/",
              "title": "Сумка Piquadro Tokyo CA4470S107/N черный натур.кожа",
              "type": "collections_product",
            },
            Object {
              "buy_text": "Купить",
              "market": "www.citilink.ru",
              "market_img": "https://favicon.yandex.net/favicon/v2/www.citilink.ru?size=32&stub=1",
              "price": "15200 ₽",
              "product_img": "https://avatars.mds.yandex.net/get-pdb/2816580/ce4981cb-e6d7-47fb-b6a0-469d4d76bbb1/2x",
              "product_log_id": "5f805f14abf120d9e4989686",
              "product_log_url": "https://yandex.ru/collections/card/5f805f14abf120d9e4989686/",
              "product_url": "https://www.citilink.ru/catalog/furniture/kozhgalantereja/sumki/1120337/",
              "title": "Сумка Piquadro Urban CA1816UB00/BLU синий",
              "type": "collections_product",
            },
            Object {
              "buy_text": "Купить",
              "market": "www.citilink.ru",
              "market_img": "https://favicon.yandex.net/favicon/v2/www.citilink.ru?size=32&stub=1",
              "price": "5780 ₽",
              "product_img": "https://avatars.mds.yandex.net/get-pdb/2985916/4d43ffd0-9c20-4402-a6c1-5763141b5cf6/2x",
              "product_log_id": "5f805ec996c7552c712e2682",
              "product_log_url": "https://yandex.ru/collections/card/5f805ec996c7552c712e2682/",
              "product_url": "https://www.citilink.ru/catalog/computers_and_notebooks/parts/memory/1210179/",
              "title": "Модуль памяти SAMSUNG M471A2K43CB1-CTD DDR4 - 16ГБ 2666, SO-DIMM, OEM, original",
              "type": "collections_product",
            },
            Object {
              "buy_text": "Купить",
              "market": "www.citilink.ru",
              "market_img": "https://favicon.yandex.net/favicon/v2/www.citilink.ru?size=32&stub=1",
              "price": "9800 ₽",
              "product_img": "https://avatars.mds.yandex.net/get-pdb/2930688/acb86ab7-ded8-416d-9436-90141f77495e/2x",
              "product_log_id": "5f805ec5cfc3c79af58b3e46",
              "product_log_url": "https://yandex.ru/collections/card/5f805ec5cfc3c79af58b3e46/",
              "product_url": "https://www.citilink.ru/catalog/furniture/kozhgalantereja/sumki/1167049/",
              "title": "Сумка Piquadro Blade CA4536BL/GR серый натур.кожа/ткань",
              "type": "collections_product",
            },
            Object {
              "buy_text": "Купить",
              "market": "www.citilink.ru",
              "market_img": "https://favicon.yandex.net/favicon/v2/www.citilink.ru?size=32&stub=1",
              "price": "15200 ₽",
              "product_img": "https://avatars.mds.yandex.net/get-pdb/2816580/ce4981cb-e6d7-47fb-b6a0-469d4d76bbb1/2x",
              "product_log_id": "5f805ebc956214534c8f71c0",
              "product_log_url": "https://yandex.ru/collections/card/5f805ebc956214534c8f71c0/",
              "product_url": "https://www.citilink.ru/catalog/furniture/kozhgalantereja/sumki/1120337/",
              "title": "Сумка Piquadro Urban CA1816UB00/BLU синий",
              "type": "collections_product",
            },
            Object {
              "buy_text": "Купить",
              "market": "MnogoMeb.ru",
              "market_img": "https://favicon.yandex.net/favicon/v2/MnogoMeb.ru?size=32&stub=1",
              "price": "20300 ₽",
              "product_img": "https://avatars.mds.yandex.net/get-pdb/2865382/d5f43e75-e9e8-483f-b381-2c8c2b8478b3/2x",
              "product_log_id": "5f805e681d1969db643fb046",
              "product_log_url": "https://yandex.ru/collections/card/5f805e681d1969db643fb046/",
              "product_url": "https://mnogomeb.ru/products/kukhonnyy-divan-loft-bezhevaya-rogozhka-2361812/",
              "title": "Кухонный диван \\"Лофт\\" бежевая рогожка",
              "type": "collections_product",
            },
            Object {
              "buy_text": "Купить",
              "market": "www.citilink.ru",
              "market_img": "https://favicon.yandex.net/favicon/v2/www.citilink.ru?size=32&stub=1",
              "price": "2690 ₽",
              "product_img": "https://avatars.mds.yandex.net/get-pdb/2768926/7486c9f7-967a-4883-9483-c8173dce4d86/2x",
              "product_log_id": "5f805dd152405dc16d370b2d",
              "product_log_url": "https://yandex.ru/collections/card/5f805dd152405dc16d370b2d/",
              "product_url": "https://m.citilink.ru/catalog/computers_and_notebooks/periferiya/mouses/1381020/?mrkt=abn_cl",
              "title": "Мышь A4 Bloody W60 Max, игровая, оптическая, проводная, USB, черный",
              "type": "collections_product",
            },
            Object {
              "buy_text": "Купить",
              "market": "www.citilink.ru",
              "market_img": "https://favicon.yandex.net/favicon/v2/www.citilink.ru?size=32&stub=1",
              "price": "1679 ₽",
              "product_img": "https://avatars.mds.yandex.net/get-pdb/2979075/78330758-0af7-4b6b-a3ab-dbd41d4f1cc2/2x",
              "product_log_id": "5f805c0ecfc3c79af58b3bb5",
              "product_log_url": "https://yandex.ru/collections/card/5f805c0ecfc3c79af58b3bb5/",
              "product_url": "https://www.citilink.ru/catalog/power_tools_and_garden_equipments/elektrika/apparaty_zashchity/1404713/",
              "title": "Выключатель автоматический IEK ВА47-100 (MVA40-3-080-C) 80A тип C 10kA 3П 400В белый",
              "type": "collections_product",
            },
            Object {
              "buy_text": "Купить",
              "market": "www.citilink.ru",
              "market_img": "https://favicon.yandex.net/favicon/v2/www.citilink.ru?size=32&stub=1",
              "price": "3490 ₽",
              "product_img": "https://avatars.mds.yandex.net/get-pdb/2878979/4ece6bea-473f-4e7b-93a4-01072e713527/2x",
              "product_log_id": "5f7da5ce7bbe668e38c942a9",
              "product_log_url": "https://yandex.ru/collections/card/5f7da5ce7bbe668e38c942a9/",
              "product_url": "https://www.citilink.ru/catalog/mobile/note_aks/note_bags/1155189/?mrkt=chlb_cl&utm_medium=cpc&utm_campaign=%25D0%25A1%25D1%2583%25D0%25BC%25D0%25BA%25D0%25B8%2520%25D0%25B4%25D0%25BB%25D1%258F%2520%25D0%25BD%25D0%25BE%25D1%2583%25D1%2582%25D0%25B1%25D1%2583%25D0%25BA%25D0%25BE%25D0%25B2&utm_source=xml_ymarket_chlb&utm_content=19_SAMSONITE_16N%252A001%252A09&utm_term=1155189",
              "title": "Сумка для ноутбука 14.1\\" SAMSONITE Qibyte 16N*001*09, черный",
              "type": "collections_product",
            },
            Object {
              "buy_text": "Купить",
              "market": "www.citilink.ru",
              "market_img": "https://favicon.yandex.net/favicon/v2/www.citilink.ru?size=32&stub=1",
              "price": "330 ₽",
              "product_img": "https://avatars.mds.yandex.net/get-pdb/2823752/8a6730fa-19b9-4dc9-864d-dd5df095a982/2x",
              "product_log_id": "5f7da5ae7bbe668e38c9427c",
              "product_log_url": "https://yandex.ru/collections/card/5f7da5ae7bbe668e38c9427c/",
              "product_url": "https://www.citilink.ru/catalog/large_and_small_appliances/water_treting/water_filters_cartridges/1189360/?mrkt=abn_cl&utm_medium=cpc&utm_campaign=%25D0%259A%25D0%25B0%25D1%2580%25D1%2582%25D1%2580%25D0%25B8%25D0%25B4%25D0%25B6%25D0%25B8%2520%25D0%25B4%25D0%25BB%25D1%258F%2520%25D1%2584%25D0%25B8%25D0%25BB%25D1%258C%25D1%2582%25D1%2580%25D0%25BE%25D0%25B2&utm_source=xml_ymarket_abn&utm_content=374_%25D0%2593%25D0%2595%25D0%2599%25D0%2597%25D0%2595%25D0%25A0_28076&utm_term=1189360",
              "title": "Картридж ГЕЙЗЕР PP 10-10BB, 1шт",
              "type": "collections_product",
            },
          ],
          "title_text": "Вы откладывали на потом",
          "title_url": "https://yandex.ru/collections/my-goods",
          "type": "collections_products_list",
        },
        "state_id": 1,
      },
    ],
  },
  "id": "self_goods",
  "topic": "self_goods_card",
  "ttl": 300,
  "ttv": 1200,
  "type": "div2",
  "utime": 1,
}
`;

exports[`req`] = `
Object {
  "options": Object {
    "retries": 1,
    "timeout": 300,
  },
  "url": Object {
    "hostname": "internal.collections.yandex.ru",
    "pathname": "/api/informers/int_self_goods/",
    "protocol": "http",
    "query": Object {
      "platform": "searchapp",
      "ufeed": undefined,
      "uid": undefined,
    },
  },
}
`;
