exports[`Импорт инфомоделей Экспорт файла после успешного импорта 1`] = [
  {
    "code": "info_model_code_1_1",
    "title|ru": "",
    "description|ru": "приносят человек возлюбил презирает никакого я некое никого.",
    "attribute": "boolean_attribute_code_0_0",
    "attribute_is_important": "false"
  },
  {
    "code": "",
    "title|ru": "",
    "description|ru": "",
    "attribute": "image_attribute_code_1_0",
    "attribute_is_important": "true"
  },
  {
    "code": "",
    "title|ru": "",
    "description|ru": "",
    "attribute": "multiselect_attribute_code_2_0",
    "attribute_is_important": "false"
  },
  {
    "code": "",
    "title|ru": "",
    "description|ru": "",
    "attribute": "number_attribute_code_3_0",
    "attribute_is_important": "true"
  },
  {
    "code": "",
    "title|ru": "",
    "description|ru": "",
    "attribute": "select_attribute_code_4_0",
    "attribute_is_important": "false"
  },
  {
    "code": "",
    "title|ru": "",
    "description|ru": "",
    "attribute": "string_attribute_code_5_0",
    "attribute_is_important": "true"
  },
  {
    "code": "",
    "title|ru": "",
    "description|ru": "",
    "attribute": "text_attribute_code_6_0",
    "attribute_is_important": "false"
  },
  {
    "code": "",
    "title|ru": "",
    "description|ru": "",
    "attribute": "image",
    "attribute_is_important": "false"
  }
];