{
  "product-1": {
    "en": {
      "items": [
        {
          "attributes": [
            "ingredients"
          ],
          "title": "Content",
          "type": "text",
          "value": "piece of something"
        },
        {
          "attributes": [
            "description"
          ],
          "title": "Description",
          "type": "text",
          "value": "product-1-description"
        }
      ]
    },
    "ru": {
      "items": [
        {
          "attributes": [
            "ingredients"
          ],
          "title": "Состав",
          "type": "text",
          "value": "Любовь мамы"
        },
        {
          "attributes": [
            "description"
          ],
          "title": "Описание",
          "type": "text",
          "value": "Нормальный продукт"
        }
      ]
    }
  },
  "product-2": {
    "en": {
      "items": []
    },
    "ru": {
      "items": []
    }
  },
  "product-3": {
    "en": {
      "items": []
    },
    "ru": {
      "items": []
    }
  }
}
