// Jest Snapshot v1, https://goo.gl/fbAQLP

exports[`ErrorMessage screenshooter 1`] = `
"<style data-styled=\\"true\\" data-styled-version=\\"5.2.0\\">.ivKWIK{font-size:16px;line-height:20px;-webkit-letter-spacing:0.06px;-moz-letter-spacing:0.06px;-ms-letter-spacing:0.06px;letter-spacing:0.06px;color:#939cb0;}/*!sc*/
data-styled.g1[id=\\"sc-bdnylx\\"]{content:\\"ivKWIK,\\"}/*!sc*/
</style>
<div class=\\"sc-bdnylx ivKWIK\\">Whoops, looks like error!</div>"
`;
