// Jest Snapshot v1, https://goo.gl/fbAQLP

exports[`Help renders with hint prop 1`] = `
<Fragment>
  <Anchor>
    <styled.div>
      <styled.div>
        test
      </styled.div>
    </styled.div>
  </Anchor>
</Fragment>
`;
