// Jest Snapshot v1, https://goo.gl/fbAQLP

exports[`ApplyButton renders apply button 1`] = `
<button
  autoComplete="off"
  className="control button2 button2_view_classic button2_size_s button2_theme_action"
  data-lego="react"
  onBlur={[Function]}
  onClick={[Function]}
  onFocus={[Function]}
  onKeyDown={[Function]}
  onKeyPress={[Function]}
  onKeyUp={[Function]}
  onMouseDown={[Function]}
  onMouseEnter={[Function]}
  onMouseLeave={[Function]}
  onMouseUp={[Function]}
  style={Object {}}
  type="button"
>
  <button2__text
    key="text"
  >
    Применить
  </button2__text>
</button>
`;
