// Jest Snapshot v1, https://goo.gl/fbAQLP

exports[`WrapLinks renders empty 1`] = `null`;

exports[`WrapLinks renders with text 1`] = `
Array [
  "one two ",
  <a
    class="control link link_theme_normal"
    data-lego="react"
    href="http://fadfa.com"
    tabindex="0"
  >
    http://fadfa.com
  </a>,
  " three ",
  <a
    class="control link link_theme_normal"
    data-lego="react"
    href="https://fasfa"
    tabindex="0"
  >
    https://fasfa
  </a>,
]
`;
