// Jest Snapshot v1, https://goo.gl/fbAQLP

exports[`banner-feed banner-feed_1 1`] = `"<div  class=\\"block banner-feed banner-feed_place_1 block_viewed_no banner-feed_type_default\\"  data-bem=\\"{&quot;banner-feed&quot;:{&quot;impId&quot;:&quot;N-I-534228-3&quot;,&quot;className&quot;:&quot;banner-feed_place_1&quot;,&quot;contextNewUrl&quot;:false,&quot;autoruExp&quot;:false}}\\" data-cls=\\"banner-feed_place_1\\"><h1 class='block__title'><a class=\\"home-link banner-feed__title block__title-text block__title-text_icon_yes block__title-text_rich_yes home-link_black_yes\\" href=\\"//direct.yandex.ru/?partner\\" data-statlog=\\"directfeed.title\\"><span  class=\\" block__title-icon\\" style=\\"background-image:url(//yastatic.net/s3/home/feed/services/icons/direct0.svg)\\"></span>Яндекс.Директ<span class='block__subtitle'>Персональные предложения</span></a></h1><div  class=\\"banner-feed__content block__content\\"><style  >.banner-feed_place_1 .banner-feed__layout{height:300px;}</style><div  class=\\"banner-feed__layout\\" id=\\"banner-feed_place_1\\"></div></div><div  class=\\"block__footer-wrapper\\"><a class=\\"home-link block__footer home-link_black_yes\\" href=\\"https://yandex.ru/search/touch/direct/?from=home&source=yandex_portal&vcards=1&vhome=1&text=Объявления\\" data-statlog=\\"banner_feed_1.footer\\">Все предложения</a></div></div>"`;

exports[`banner-feed banner-feed_2 1`] = `"<div  class=\\"block banner-feed banner-feed_place_2 block_viewed_no banner-feed_type_default\\"  data-bem=\\"{&quot;banner-feed&quot;:{&quot;impId&quot;:&quot;N-I-534228-33&quot;,&quot;className&quot;:&quot;banner-feed_place_2&quot;,&quot;contextNewUrl&quot;:false,&quot;autoruExp&quot;:false}}\\" data-cls=\\"banner-feed_place_2\\"><div  class=\\"banner-feed__content block__content\\"><style  >.banner-feed_place_2 .banner-feed__layout{height:201px;}</style><div  class=\\"banner-feed__layout\\" id=\\"banner-feed_place_2\\"></div></div><div  class=\\"block__footer-wrapper\\"><a class=\\"home-link block__footer home-link_black_yes\\" href=\\"https://yandex.ru/search/touch/direct/?from=home&source=yandex_portal&vcards=1&vhome=1&text=Объявления\\" data-statlog=\\"banner_feed_2.footer\\">Все предложения</a></div></div>"`;

exports[`banner-feed banner-feed_3 1`] = `"<div  class=\\"block block_footer_no banner-feed banner-feed_place_3 block_viewed_no banner-feed_type_default\\"  data-bem=\\"{&quot;banner-feed&quot;:{&quot;impId&quot;:&quot;N-I-534228-33&quot;,&quot;className&quot;:&quot;banner-feed_place_3&quot;,&quot;contextNewUrl&quot;:false,&quot;autoruExp&quot;:false}}\\" data-cls=\\"banner-feed_place_3\\"><div  class=\\"banner-feed__content block__content\\"><style  >.banner-feed_place_3 .banner-feed__layout{height:201px;}</style><div  class=\\"banner-feed__layout\\" id=\\"banner-feed_place_3\\"></div></div></div>"`;

exports[`banner-feed banner-feed_4 1`] = `"<div  class=\\"block banner-feed banner-feed_place_4 block_viewed_no banner-feed_type_default\\"  data-bem=\\"{&quot;banner-feed&quot;:{&quot;impId&quot;:&quot;N-I-534228-33&quot;,&quot;className&quot;:&quot;banner-feed_place_4&quot;,&quot;contextNewUrl&quot;:false,&quot;autoruExp&quot;:false}}\\" data-cls=\\"banner-feed_place_4\\"><h1 class='block__title'><a class=\\"home-link banner-feed__title block__title-text block__title-text_rich_yes home-link_black_yes\\" href=\\"//direct.yandex.ru/?partner\\" data-statlog=\\"directfeed_4.title\\">Яндекс.Директ<span class='block__subtitle'>Персональные предложения</span></a></h1><div  class=\\"banner-feed__content block__content\\"><style  >.banner-feed_place_4 .banner-feed__layout{height:201px;}</style><div  class=\\"banner-feed__layout\\" id=\\"banner-feed_place_4\\"></div></div><div  class=\\"block__footer-wrapper\\"><a class=\\"home-link block__footer home-link_black_yes\\" href=\\"https://yandex.ru/search/touch/direct/?from=home&source=yandex_portal&vcards=1&vhome=1&text=Объявления\\" data-statlog=\\"banner_feed_4.footer\\">Все предложения</a></div></div>"`;
