// Jest Snapshot v1, https://goo.gl/fbAQLP

exports[`body split-inline process without group exp 1`] = `"<body class='i-bem body_lite_yes' data-bem='{\\"i-global\\":{}}'><style  >body__wrapperbody__before</style><div class='body__wrapper'><div class='content i-bem'><div  class=\\"body__before\\"></div><style  >Body__blocksHead</style><style  >body__blocks-head</style><div class='theader'><div class='theader__personal'>Logo<div class='theader__personal-right'><a class=\\"home-link2 home-link2_color_inherit\\" href=\\"https://undefined/auth?msid=1.1.1.1&origin=home_yaru_touch_new\\" data-statlog=\\"header.login\\"><div class='theader__login'>Войти</div></a></div></div><div class='theader__search'><svg class=\\"theader__search-icon\\" width=\\"180\\" height=\\"72\\" fill=\\"none\\" xmlns=\\"http://www.w3.org/2000/svg\\"><path d=\\"M47.048 21.385h6.389v27.103h-6.389V21.385zm-19.467 0h6.426v27.103h-6.426V21.385zm2.609 3.894v-3.894h19.353v3.894H30.19zM69.447 45.2c1.159 0 2.154-.228 2.986-.681.831-.479 1.461-1.197 1.89-2.155.454-.982.68-2.242.68-3.78 0-1.487-.227-2.709-.68-3.666-.428-.983-1.058-1.701-1.89-2.155-.832-.479-1.827-.718-2.986-.718-1.11 0-2.092.24-2.949.718-.831.454-1.474 1.172-1.928 2.155-.453.957-.68 2.18-.68 3.666 0 1.537.227 2.785.68 3.742.454.958 1.097 1.676 1.928 2.155.857.479 1.84.718 2.949.718zm0 3.666c-2.319 0-4.373-.403-6.162-1.21-1.764-.806-3.15-1.965-4.158-3.477-.983-1.538-1.474-3.402-1.474-5.595 0-2.192.504-4.044 1.512-5.556 1.008-1.537 2.394-2.697 4.158-3.478 1.764-.806 3.805-1.21 6.124-1.21 2.343 0 4.397.404 6.161 1.21 1.79.781 3.175 1.94 4.158 3.478 1.008 1.512 1.512 3.364 1.512 5.556 0 2.193-.504 4.057-1.512 5.595-1.008 1.537-2.394 2.709-4.158 3.515-1.764.781-3.818 1.172-6.161 1.172zM86.028 48.488l1.852-2.382 12.815-17.388h4.611l-1.625 1.966-12.966 17.804h-4.687zm5.103-19.77v14.78l-.794 4.99h-5.254v-19.77h6.048zm9.866 0h5.292v19.77h-6.086v-15.46l.794-4.31zM122.354 48.866c-2.52 0-4.7-.403-6.54-1.21-1.814-.831-3.225-2.003-4.233-3.515-.983-1.537-1.475-3.39-1.475-5.557 0-2.142.492-3.969 1.475-5.48 1.008-1.538 2.419-2.71 4.233-3.516 1.815-.832 3.957-1.248 6.426-1.248 1.109 0 2.117.076 3.024.227.907.126 1.726.328 2.457.605a9.785 9.785 0 0 1 2.004.945v3.704a12.2 12.2 0 0 0-2.155-.944 9.98 9.98 0 0 0-2.155-.53c-.73-.1-1.537-.15-2.419-.15-1.487 0-2.721.226-3.704.68a4.663 4.663 0 0 0-2.23 2.116c-.504.958-.756 2.155-.756 3.591 0 1.462.252 2.671.756 3.63a5.122 5.122 0 0 0 2.268 2.116c.982.453 2.179.68 3.591.68 1.411 0 2.633-.126 3.666-.378a14.234 14.234 0 0 0 3.138-1.285v3.667a9.667 9.667 0 0 1-2.042 1.02c-.73.278-1.537.48-2.419.605-.882.151-1.852.227-2.91.227zM133.144 28.718h6.086v19.77h-6.086v-19.77zm21.47 19.77h-7.144l-8.316-9.752 9.374-10.017h5.406l-9.715 10.206.492-1.966 9.903 11.529z\\" fill=\\"currentColor\\"/></svg></div></div><div class='content__informers-bg'><div class='informers'><span class=\\"home-link2 informers__all home-link2_color_gray home-link2_hover_red\\" data-statlog=\\"informers.all\\">Ещё</span></div></div><style  >news</style>News<script  >(document.querySelector(\\".content__informers-bg\\")||{}).offsetHeight</script><style  >tv</style>Tv<style  >zen-inserts</style><div class='zen-inserts'></div><div class='tail'></div></div></div><div  class=\\"lite-switcher-touch lite-switcher-touch_enabled_yes i-bem\\" data-bem=\\"{&quot;lite-switcher-touch&quot;:{}}\\"><button class=\\"button lite-switcher-touch__inner button_theme_lite-switcher i-bem\\" data-bem=\\"{&quot;button&quot;:{}}\\" aria-pressed=\\"true\\" role=\\"button\\" type=\\"button\\" data-statlog=\\"lite-switcher.switch.disable\\"><span class=\\"button__text\\">Старый дизайн <span class='lite-switcher-touch__switch'></span></span></button></div></body>"`;

exports[`body split-inline process without group exp 2`] = `
Array [
  Array [
    Array [
      "body__wrapper",
      "body__before",
    ],
  ],
  Array [
    "body__blocks-head",
  ],
  Array [
    Array [
      "Body__blocksHead",
    ],
  ],
  Array [
    Array [
      "news",
    ],
  ],
  Array [
    Array [
      "tv",
    ],
  ],
  Array [
    "zen-inserts",
  ],
]
`;

exports[`body split-inline process without group exp 3`] = `Array []`;
