// Jest Snapshot v1, https://goo.gl/fbAQLP

exports[`content-tabs renders tabs 1`] = `"<div  class=\\"content-tabs i-bem\\" data-bem=\\"{&quot;content-tabs&quot;:{&quot;live&quot;:true}}\\"><div class='content-tabs__head' role='tablist'><div  class=\\"content-tabs__head-item content-tabs__head-item_active_true\\" id=\\"tab610367\\" ><h1><a tabindex=\\"0\\" aria-selected=\\"true\\" aria-controls=\\"tab610367c\\" role=\\"tab\\" class=\\"home-link home-link_blue_yes content-tabs__link\\" href=\\"http://ya.ru\\">Новости</a></h1></div><div  class=\\"content-tabs__head-item content-tabs__head-item_active_false\\" id=\\"tab887133\\" ><h1><a tabindex=\\"-1\\" aria-selected=\\"false\\" aria-controls=\\"tab887133c\\" role=\\"tab\\" class=\\"home-link home-link_blue_yes content-tabs__link\\" href=\\"http://ya.ru\\">в Москве</a></h1></div></div><div  class=\\"content-tabs__items content-tabs__items_active_true\\" role=\\"tabpanel\\" id=\\"tab610367c\\" aria-labelledby=\\"tab610367\\" aria-hidden=\\"false\\">Новости</div><div  class=\\"content-tabs__items content-tabs__items_active_false\\" role=\\"tabpanel\\" id=\\"tab887133c\\" aria-labelledby=\\"tab887133\\" aria-hidden=\\"true\\">Новости Москвы</div></div>"`;
