// Jest Snapshot v1, https://goo.gl/fbAQLP

exports[`transform home.methodName calls should transform home.methodName calls 1`] = `
Object {
  "code": "function a() {
  getStaticURL.getRelative('/test');
  home.view('test');
  test('test');
  test2('test2');
}",
  "homeDeps": Array [
    "getStaticURL",
    "test",
    "test2",
  ],
}
`;
