// Jest Snapshot v1, https://goo.gl/fbAQLP

exports[`transform inline resources should transform home.fileContents.get(...)(path) calls 1`] = `
"import _temp from \\"./logo.fallback.js?inline\\";
views('logo__image', function (data, req, execView) {
  if (req.Logo && req.Logo.url && execView('logo__custom')) {
    data.fallback = _temp;
    return execView('logo__img', data);
  } else {
    return execView('logo__div', data);
  }
});"
`;

exports[`transform inline resources should transform home.fileContents.get(...)(path) indirect calls 1`] = `
"import _temp2 from \\"./mlogo.assets/mlogo.svg?inline\\";
import _temp from \\"./mlogo.assets/mlogo.png?inline\\";
var logos = home.fileContents.get('backgroundUrl');
views('mlogo__default-png', function () {
  return _temp;
});
views('mlogo__default-svg', function (suffix) {
  return _temp2;
});"
`;

exports[`transform inline resources should transform req.resources.inline(src, type, ...) calls 1`] = `
"import _temp from \\"../../../../node_modules/@yandex-int/error-counter/dist/filters.min.js?inline\\";
rumDependencies.forEach(function (fileName) {
  const extension = isDev ? '.js' : '.min.js';
  req.resources.add(_temp, \\"js\\", 'head', true);
});"
`;
