[
  {
    "default_path": "{\n  \"mongo_settings\": {\n    {{ value }}\n  }\n}",
    "environments": [
      "testing",
      "unstable"
    ],
    "environments_info": [
      {
        "environment": "testing",
        "yav_link": "https://yav.yandex-team.ru/secret/YAV_UUID_2/explore/version/VERSION_UUID_2"
      },
      {
        "environment": "unstable",
        "yav_link": "https://yav.yandex-team.ru/secret/YAV_UUID_2/explore/version/VERSION_UUID_2"
      }
    ],
    "key": "SEARCHABLE_SECRET",
    "scope": {
      "project_name": "taxi"
    },
    "type": "mongodb",
    "yav_link": "https://yav.yandex-team.ru/secret/YAV_UUID_2/explore/version/VERSION_UUID_2"
  }
]
