// Jest Snapshot v1, https://goo.gl/fbAQLP

exports[`yaplus getCheapest должно вернуть undefined и залогировать ошибку с новым типом 1`] = `
Array [
  Array [
    Object {
      "block": "home.yaplus",
      "message": "Unknown type of subscribe",
      "meta": Object {
        "type": "YA_PLUS_3M_NEW",
      },
      "method": "mapExtraPlusToBasicPlus",
    },
  ],
]
`;

exports[`yaplus getMostExpansive должно вернуть undefined и залогировать ошибку с новым типом 1`] = `
Array [
  Array [
    Object {
      "block": "home.yaplus",
      "message": "Unknown type of subscribe",
      "meta": Object {
        "type": "YA_PLUS_3M_NEW",
      },
      "method": "mapExtraPlusToBasicPlus",
    },
  ],
]
`;
