// Jest Snapshot v1, https://goo.gl/fbAQLP

exports[`YandexAppPromo baseline snapshot 1`] = `
<DocumentFragment>
  <div
    class="YandexAppPromo"
  >
    <div
      class="PhonePromo PhonePromo_full YandexAppPromo-Logo"
    />
    <div
      class="YandexAppPromo-Info"
    >
      <div
        class="YandexAppPromo-Message YandexAppPromo-Message_upper"
      >
        Блабла
      </div>
      <div
        class="YandexAppPromo-Message YandexAppPromo-Message_lower"
      >
        dasdasd
      </div>
      <div
        class="YandexAppPromo-Install"
      >
        <span
          class="YandexAppPromo-InstallText"
        >
          asdasd
        </span>
        <div
          class="YandexAppPromo-InstallButtons"
        >
          <div
            class="YandexAppPromo-InstallAndroid"
          >
            <a
              aria-label="Google Play"
              href="https://redirect.appmetrica.yandex.com/serve/458404701881276453?c=passport_bage"
            >
              <div
                class="GooglePlay GooglePlay_lang_ru"
              />
            </a>
          </div>
          <div
            class="YandexAppPromo-InstallIos"
          >
            <a
              aria-label="App Store"
              href="https://redirect.appmetrica.yandex.com/serve/386347106450828605?c=passport_bage"
            >
              <div
                class="AppStore AppStore_lang_ru"
              />
            </a>
          </div>
        </div>
      </div>
    </div>
  </div>
</DocumentFragment>
`;
